Archive member included because of file (symbol)

.\CortexM0\ARM_GCC_493\Debug\Design01.a(cyfitter_cfg.o)
                              .\CortexM0\ARM_GCC_493\Debug\Cm0Start.o (cyfitter_cfg)
.\CortexM0\ARM_GCC_493\Debug\Design01.a(CyLib.o)
                              .\CortexM0\ARM_GCC_493\Debug\Design01.a(cyfitter_cfg.o) (CyIntEnable)
.\CortexM0\ARM_GCC_493\Debug\Design01.a(CyLFClk.o)
                              .\CortexM0\ARM_GCC_493\Debug\Design01.a(cyfitter_cfg.o) (CySysWdtIsr)
.\CortexM0\ARM_GCC_493\Debug\Design01.a(I2C_1.o)
                              .\CortexM0\ARM_GCC_493\Debug\functions.o (I2C_1_Start)
.\CortexM0\ARM_GCC_493\Debug\Design01.a(I2C_1_I2C.o)
                              .\CortexM0\ARM_GCC_493\Debug\Design01.a(I2C_1.o) (I2C_1_I2CInit)
.\CortexM0\ARM_GCC_493\Debug\Design01.a(I2C_1_I2C_MASTER.o)
                              .\CortexM0\ARM_GCC_493\Debug\Design01.a(I2C_1_I2C.o) (I2C_1_mstrRdBufIndex)
.\CortexM0\ARM_GCC_493\Debug\Design01.a(I2C_1_sda.o)
                              .\CortexM0\ARM_GCC_493\Debug\functions.o (I2C_1_sda_SetDriveMode)
.\CortexM0\ARM_GCC_493\Debug\Design01.a(I2C_1_scl.o)
                              .\CortexM0\ARM_GCC_493\Debug\functions.o (I2C_1_scl_SetDriveMode)
.\CortexM0\ARM_GCC_493\Debug\Design01.a(PC_PSoC_UART.o)
                              .\CortexM0\ARM_GCC_493\Debug\functions.o (PC_PSoC_UART_Start)
.\CortexM0\ARM_GCC_493\Debug\Design01.a(PC_PSoC_UART_UART.o)
                              .\CortexM0\ARM_GCC_493\Debug\Design01.a(PC_PSoC_UART.o) (PC_PSoC_UART_UartInit)
.\CortexM0\ARM_GCC_493\Debug\Design01.a(CyBootAsmGnu.o)
                              .\CortexM0\ARM_GCC_493\Debug\Design01.a(CyLib.o) (CyDelayCycles)
.\CortexM0\ARM_GCC_493\Debug\Design01.a(I2C_1_I2C_INT.o)
                              .\CortexM0\ARM_GCC_493\Debug\Design01.a(I2C_1_I2C.o) (I2C_1_I2C_ISR)
.\CortexM0\ARM_GCC_493\Debug\Design01.a(PC_PSoC_UART_SPI_UART.o)
                              .\CortexM0\ARM_GCC_493\Debug\Design01.a(PC_PSoC_UART_UART.o) (PC_PSoC_UART_SpiUartReadRxData)
c:/program files (x86)/cypress/psoc creator/3.3/psoc creator/import/gnu/arm/4.9.3/bin/../lib/gcc/arm-none-eabi/4.9.3/armv6-m\libgcc.a(_udivsi3.o)
                              .\CortexM0\ARM_GCC_493\Debug\accelerometer.o (__aeabi_uidiv)
c:/program files (x86)/cypress/psoc creator/3.3/psoc creator/import/gnu/arm/4.9.3/bin/../lib/gcc/arm-none-eabi/4.9.3/armv6-m\libgcc.a(_divsi3.o)
                              .\CortexM0\ARM_GCC_493\Debug\main.o (__aeabi_idiv)
c:/program files (x86)/cypress/psoc creator/3.3/psoc creator/import/gnu/arm/4.9.3/bin/../lib/gcc/arm-none-eabi/4.9.3/armv6-m\libgcc.a(_dvmd_tls.o)
                              c:/program files (x86)/cypress/psoc creator/3.3/psoc creator/import/gnu/arm/4.9.3/bin/../lib/gcc/arm-none-eabi/4.9.3/armv6-m\libgcc.a(_udivsi3.o) (__aeabi_idiv0)
c:/program files (x86)/cypress/psoc creator/3.3/psoc creator/import/gnu/arm/4.9.3/bin/../lib/gcc/arm-none-eabi/4.9.3/../../../../arm-none-eabi/lib/armv6-m\libg_nano.a(lib_a-errno.o)
                              .\CortexM0\ARM_GCC_493\Debug\Cm0Start.o (__errno)
c:/program files (x86)/cypress/psoc creator/3.3/psoc creator/import/gnu/arm/4.9.3/bin/../lib/gcc/arm-none-eabi/4.9.3/../../../../arm-none-eabi/lib/armv6-m\libg_nano.a(lib_a-exit.o)
                              c:/program files (x86)/cypress/psoc creator/3.3/psoc creator/import/gnu/arm/4.9.3/bin/../lib/gcc/arm-none-eabi/4.9.3/../../../../arm-none-eabi/lib/armv6-m/crt0.o (exit)
c:/program files (x86)/cypress/psoc creator/3.3/psoc creator/import/gnu/arm/4.9.3/bin/../lib/gcc/arm-none-eabi/4.9.3/../../../../arm-none-eabi/lib/armv6-m\libg_nano.a(lib_a-impure.o)
                              c:/program files (x86)/cypress/psoc creator/3.3/psoc creator/import/gnu/arm/4.9.3/bin/../lib/gcc/arm-none-eabi/4.9.3/../../../../arm-none-eabi/lib/armv6-m\libg_nano.a(lib_a-exit.o) (_global_impure_ptr)
c:/program files (x86)/cypress/psoc creator/3.3/psoc creator/import/gnu/arm/4.9.3/bin/../lib/gcc/arm-none-eabi/4.9.3/../../../../arm-none-eabi/lib/armv6-m\libg_nano.a(lib_a-init.o)
                              c:/program files (x86)/cypress/psoc creator/3.3/psoc creator/import/gnu/arm/4.9.3/bin/../lib/gcc/arm-none-eabi/4.9.3/../../../../arm-none-eabi/lib/armv6-m/crt0.o (__libc_init_array)
c:/program files (x86)/cypress/psoc creator/3.3/psoc creator/import/gnu/arm/4.9.3/bin/../lib/gcc/arm-none-eabi/4.9.3/../../../../arm-none-eabi/lib/armv6-m\libg_nano.a(lib_a-memset.o)
                              c:/program files (x86)/cypress/psoc creator/3.3/psoc creator/import/gnu/arm/4.9.3/bin/../lib/gcc/arm-none-eabi/4.9.3/../../../../arm-none-eabi/lib/armv6-m/crt0.o (memset)
c:/program files (x86)/cypress/psoc creator/3.3/psoc creator/import/gnu/arm/4.9.3/bin/../lib/gcc/arm-none-eabi/4.9.3/../../../../arm-none-eabi/lib/armv6-m\libg_nano.a(lib_a-sprintf.o)
                              .\CortexM0\ARM_GCC_493\Debug\main.o (sprintf)
[...]
Memory Configuration

Name             Origin             Length             Attributes
rom              0x00000000         0x00008000         xr
ram              0x20000000         0x00001000         xrw
*default*        0x00000000         0xffffffff

Linker script and memory map

LOAD c:/program files (x86)/cypress/psoc creator/3.3/psoc creator/import/gnu/arm/4.9.3/bin/../lib/gcc/arm-none-eabi/4.9.3/armv6-m/crti.o
LOAD c:/program files (x86)/cypress/psoc creator/3.3/psoc creator/import/gnu/arm/4.9.3/bin/../lib/gcc/arm-none-eabi/4.9.3/armv6-m/crtbegin.o
LOAD c:/program files (x86)/cypress/psoc creator/3.3/psoc creator/import/gnu/arm/4.9.3/bin/../lib/gcc/arm-none-eabi/4.9.3/../../../../arm-none-eabi/lib/armv6-m/crt0.o
START GROUP
LOAD .\CortexM0\ARM_GCC_493\Debug\main.o
LOAD .\CortexM0\ARM_GCC_493\Debug\functions.o
LOAD .\CortexM0\ARM_GCC_493\Debug\accelerometer.o
LOAD .\CortexM0\ARM_GCC_493\Debug\cymetadata.o
LOAD .\CortexM0\ARM_GCC_493\Debug\Cm0Start.o
LOAD .\CortexM0\ARM_GCC_493\Debug\Design01.a
LOAD C:\Program Files (x86)\Cypress\PSoC Creator\3.3\PSoC Creator\psoc\content\cycomponentlibrary\CyComponentLibrary.cylib\CortexM0\ARM_GCC_493\Debug\CyComponentLibrary.a
END GROUP
START GROUP
LOAD c:/program files (x86)/cypress/psoc creator/3.3/psoc creator/import/gnu/arm/4.9.3/bin/../lib/gcc/arm-none-eabi/4.9.3/armv6-m\libgcc.a
LOAD c:/program files (x86)/cypress/psoc creator/3.3/psoc creator/import/gnu/arm/4.9.3/bin/../lib/gcc/arm-none-eabi/4.9.3/../../../../arm-none-eabi/lib/armv6-m\libg_nano.a
LOAD c:/program files (x86)/cypress/psoc creator/3.3/psoc creator/import/gnu/arm/4.9.3/bin/../lib/gcc/arm-none-eabi/4.9.3/../../../../arm-none-eabi/lib/armv6-m\libc_nano.a
END GROUP
START GROUP
LOAD c:/program files (x86)/cypress/psoc creator/3.3/psoc creator/import/gnu/arm/4.9.3/bin/../lib/gcc/arm-none-eabi/4.9.3/armv6-m\libgcc.a
LOAD c:/program files (x86)/cypress/psoc creator/3.3/psoc creator/import/gnu/arm/4.9.3/bin/../lib/gcc/arm-none-eabi/4.9.3/../../../../arm-none-eabi/lib/armv6-m\libc_nano.a
END GROUP
LOAD c:/program files (x86)/cypress/psoc creator/3.3/psoc creator/import/gnu/arm/4.9.3/bin/../lib/gcc/arm-none-eabi/4.9.3/armv6-m/crtend.o
LOAD c:/program files (x86)/cypress/psoc creator/3.3/psoc creator/import/gnu/arm/4.9.3/bin/../lib/gcc/arm-none-eabi/4.9.3/armv6-m/crtn.o
START GROUP
LOAD c:/program files (x86)/cypress/psoc creator/3.3/psoc creator/import/gnu/arm/4.9.3/bin/../lib/gcc/arm-none-eabi/4.9.3/armv6-m\libgcc.a
LOAD c:/program files (x86)/cypress/psoc creator/3.3/psoc creator/import/gnu/arm/4.9.3/bin/../lib/gcc/arm-none-eabi/4.9.3/../../../../arm-none-eabi/lib/armv6-m\libc.a
LOAD c:/program files (x86)/cypress/psoc creator/3.3/psoc creator/import/gnu/arm/4.9.3/bin/../lib/gcc/arm-none-eabi/4.9.3/../../../../arm-none-eabi/lib/armv6-m\libnosys.a
END GROUP
                0x00000000                CY_APPL_ORIGIN = 0x0
                0x00000080                CY_FLASH_ROW_SIZE = 0x80
                0x00000001                CY_APPL_NUM = 0x1
                0x00000001                CY_APPL_MAX = 0x1
                0x00000040                CY_METADATA_SIZE = 0x40
                0x00000000                CY_APPL_LOADABLE = 0x0
                0x00000000                CY_CHECKSUM_EXCLUDE_SIZE = ALIGN (0x0, CY_FLASH_ROW_SIZE)
                0x00000000                CY_APP_FOR_STACK_AND_COPIER = 0x0
                0x200001c0                PROVIDE (__cy_heap_start, _end)
                0x00000001                PROVIDE (__cy_region_num, ((__cy_regions_end - __cy_regions) / 0x10))
                0x20001000                PROVIDE (__cy_stack, (ORIGIN (ram) + 0x1000))
                0x20000c00                PROVIDE (__cy_heap_end, (__cy_stack - 0x400))

.cybootloader   0x00000000        0x0
 *(.cybootloader)
                0x00000000                appl1_start = CY_APPL_ORIGIN?CY_APPL_ORIGIN:ALIGN (CY_FLASH_ROW_SIZE)
                0x00003f80                appl2_start = (appl1_start + ALIGN ((((0x8000 - appl1_start) - (0x2 * CY_FLASH_ROW_SIZE)) / 0x2), CY_FLASH_ROW_SIZE))
                0x00000000                appl_start = (CY_APPL_NUM == 0x1)?appl1_start:appl2_start
                0x00000001                cy_project_type_bootloader = (appl_start == 0x0)?0x1:0x0
                0x00000000                cy_project_type_app_for_stack_and_copier = (CY_APP_FOR_STACK_AND_COPIER == 0x1)?0x1:0x0

.text           0x00000000     0x1cce
 CREATE_OBJECT_SYMBOLS
                0x00000000                PROVIDE (__cy_interrupt_vector, RomVectors)
 *(.romvectors)
 .romvectors    0x00000000       0x10 .\CortexM0\ARM_GCC_493\Debug\Cm0Start.o
                0x00000000                RomVectors
                0x00000001                ASSERT ((. != __cy_interrupt_vector), No interrupt vector)
                0x00000001                ASSERT (CY_APPL_ORIGIN?(SIZEOF (.cybootloader) <= CY_APPL_ORIGIN):0x1, Wrong image location)
                0x00000010                PROVIDE (__cy_reset, Reset)
 *(.text.Reset)
 .text.Reset    0x00000010        0x8 .\CortexM0\ARM_GCC_493\Debug\Cm0Start.o
                0x00000010                Reset
                0x00000001                ASSERT ((. != __cy_reset), No reset code)
 *(.psocinit)
 .psocinit      0x00000018      0x148 .\CortexM0\ARM_GCC_493\Debug\Design01.a(cyfitter_cfg.o)
                0x000000a8                cyfitter_cfg
                0x00000160                . = MAX (., 0x100)
 *(.text .text.* .gnu.linkonce.t.*)
 .text          0x00000160       0x60 c:/program files (x86)/cypress/psoc creator/3.3/psoc creator/import/gnu/arm/4.9.3/bin/../lib/gcc/arm-none-eabi/4.9.3/armv6-m/crtbegin.o
 .text.main     0x000001c0       0xe8 .\CortexM0\ARM_GCC_493\Debug\main.o
                0x000001c0                main
 .text.sys_init
                0x000002a8       0x18 .\CortexM0\ARM_GCC_493\Debug\functions.o
                0x000002a8                sys_init
 .text.struct_init
                0x000002c0       0x10 .\CortexM0\ARM_GCC_493\Debug\functions.o
                0x000002c0                struct_init
 .text.WriteI2CData
                0x000002d0       0x24 .\CortexM0\ARM_GCC_493\Debug\functions.o
                0x000002d0                WriteI2CData
 .text.ReadI2CData
                0x000002f4       0x4c .\CortexM0\ARM_GCC_493\Debug\functions.o
                0x000002f4                ReadI2CData
 .text.mpu_init
                0x00000340       0x2c .\CortexM0\ARM_GCC_493\Debug\accelerometer.o
                0x00000340                mpu_init
 .text.movement_init
                0x0000036c       0x40 .\CortexM0\ARM_GCC_493\Debug\accelerometer.o
                0x0000036c                movement_init
 .text.IntDefaultHandler
                0x000003ac        0x4 .\CortexM0\ARM_GCC_493\Debug\Cm0Start.o
                0x000003ac                IntDefaultHandler
 .text._sbrk    0x000003b0       0x30 .\CortexM0\ARM_GCC_493\Debug\Cm0Start.o
                0x000003b0                _sbrk
 .text.Start_c  0x000003e0       0x48 .\CortexM0\ARM_GCC_493\Debug\Cm0Start.o
                0x000003e0                Start_c
 .text.initialize_psoc
                0x00000428       0x48 .\CortexM0\ARM_GCC_493\Debug\Cm0Start.o
                0x00000428                initialize_psoc
 .text.CYMEMZERO
                0x00000470        0xc .\CortexM0\ARM_GCC_493\Debug\Design01.a(cyfitter_cfg.o)
 .text.CyIntEnable
                0x0000047c       0x14 .\CortexM0\ARM_GCC_493\Debug\Design01.a(CyLib.o)
                0x0000047c                CyIntEnable
 .text.CyIntDisable
                0x00000490       0x14 .\CortexM0\ARM_GCC_493\Debug\Design01.a(CyLib.o)
                0x00000490                CyIntDisable
 .text.CyHalt   0x000004a4        0x4 .\CortexM0\ARM_GCC_493\Debug\Design01.a(CyLib.o)
                0x000004a4                CyHalt
 .text.CyIntSetVector
                0x000004a8       0x24 .\CortexM0\ARM_GCC_493\Debug\Design01.a(CyLib.o)
                0x000004a8                CyIntSetVector
 .text.CyIntSetPriority
                0x000004cc       0x4c .\CortexM0\ARM_GCC_493\Debug\Design01.a(CyLib.o)
                0x000004cc                CyIntSetPriority
 .text.CyDelay  0x00000518       0x30 .\CortexM0\ARM_GCC_493\Debug\Design01.a(CyLib.o)
                0x00000518                CyDelay
 .text.CyDelayUs
                0x00000548       0x14 .\CortexM0\ARM_GCC_493\Debug\Design01.a(CyLib.o)
                0x00000548                CyDelayUs
 .text.CySysClkWriteImoFreq
                0x0000055c      0x164 .\CortexM0\ARM_GCC_493\Debug\Design01.a(CyLib.o)
                0x0000055c                CySysClkWriteImoFreq
 .text.CySysWdtLocked
                0x000006c0       0x14 .\CortexM0\ARM_GCC_493\Debug\Design01.a(CyLFClk.o)
 .text.CySysWdtLock
                0x000006d4       0x1c .\CortexM0\ARM_GCC_493\Debug\Design01.a(CyLFClk.o)
                0x000006d4                CySysWdtLock
 .text.CySysWdtUnlock
                0x000006f0       0x30 .\CortexM0\ARM_GCC_493\Debug\Design01.a(CyLFClk.o)
                0x000006f0                CySysWdtUnlock
 .text.CySysWdtClearInterrupt
                0x00000720       0x4c .\CortexM0\ARM_GCC_493\Debug\Design01.a(CyLFClk.o)
                0x00000720                CySysWdtClearInterrupt
 .text.CySysWdtIsr
                0x0000076c       0xa4 .\CortexM0\ARM_GCC_493\Debug\Design01.a(CyLFClk.o)
                0x0000076c                CySysWdtIsr
 .text.I2C_1_ScbEnableIntr
                0x00000810        0xc .\CortexM0\ARM_GCC_493\Debug\Design01.a(I2C_1.o)
 .text.I2C_1_Init
                0x0000081c        0x8 .\CortexM0\ARM_GCC_493\Debug\Design01.a(I2C_1.o)
                0x0000081c                I2C_1_Init
 .text.I2C_1_Enable
                0x00000824       0x18 .\CortexM0\ARM_GCC_493\Debug\Design01.a(I2C_1.o)
                0x00000824                I2C_1_Enable
 .text.I2C_1_Start
                0x0000083c       0x20 .\CortexM0\ARM_GCC_493\Debug\Design01.a(I2C_1.o)
                0x0000083c                I2C_1_Start
 .text.I2C_1_I2CInit
                0x0000085c       0xcc .\CortexM0\ARM_GCC_493\Debug\Design01.a(I2C_1_I2C.o)
                0x0000085c                I2C_1_I2CInit
 .text.I2C_1_I2CMasterStatus
                0x00000928       0x30 .\CortexM0\ARM_GCC_493\Debug\Design01.a(I2C_1_I2C_MASTER.o)
                0x00000928                I2C_1_I2CMasterStatus
 .text.I2C_1_I2CMasterClearStatus
                0x00000958       0x20 .\CortexM0\ARM_GCC_493\Debug\Design01.a(I2C_1_I2C_MASTER.o)
                0x00000958                I2C_1_I2CMasterClearStatus
 .text.I2C_1_I2CReStartGeneration
                0x00000978       0x90 .\CortexM0\ARM_GCC_493\Debug\Design01.a(I2C_1_I2C_MASTER.o)
                0x00000978                I2C_1_I2CReStartGeneration
 .text.I2C_1_I2CMasterWriteBuf
                0x00000a08       0xec .\CortexM0\ARM_GCC_493\Debug\Design01.a(I2C_1_I2C_MASTER.o)
                0x00000a08                I2C_1_I2CMasterWriteBuf
 .text.I2C_1_I2CMasterReadBuf
                0x00000af4       0xfc .\CortexM0\ARM_GCC_493\Debug\Design01.a(I2C_1_I2C_MASTER.o)
                0x00000af4                I2C_1_I2CMasterReadBuf
 .text.I2C_1_sda_SetDriveMode
                0x00000bf0       0x14 .\CortexM0\ARM_GCC_493\Debug\Design01.a(I2C_1_sda.o)
                0x00000bf0                I2C_1_sda_SetDriveMode
 .text.I2C_1_sda_Read
                0x00000c04       0x10 .\CortexM0\ARM_GCC_493\Debug\Design01.a(I2C_1_sda.o)
                0x00000c04                I2C_1_sda_Read
 .text.I2C_1_scl_SetDriveMode
                0x00000c14       0x14 .\CortexM0\ARM_GCC_493\Debug\Design01.a(I2C_1_scl.o)
                0x00000c14                I2C_1_scl_SetDriveMode
 .text.I2C_1_scl_Write
                0x00000c28       0x18 .\CortexM0\ARM_GCC_493\Debug\Design01.a(I2C_1_scl.o)
                0x00000c28                I2C_1_scl_Write
 .text.I2C_1_scl_Read
                0x00000c40       0x10 .\CortexM0\ARM_GCC_493\Debug\Design01.a(I2C_1_scl.o)
                0x00000c40                I2C_1_scl_Read
 .text.PC_PSoC_UART_ScbModePostEnable
                0x00000c50        0x8 .\CortexM0\ARM_GCC_493\Debug\Design01.a(PC_PSoC_UART.o)
 .text.PC_PSoC_UART_Init
                0x00000c58        0x8 .\CortexM0\ARM_GCC_493\Debug\Design01.a(PC_PSoC_UART.o)
                0x00000c58                PC_PSoC_UART_Init
 .text.PC_PSoC_UART_Enable
                0x00000c60       0x18 .\CortexM0\ARM_GCC_493\Debug\Design01.a(PC_PSoC_UART.o)
                0x00000c60                PC_PSoC_UART_Enable
 .text.PC_PSoC_UART_Start
                0x00000c78       0x20 .\CortexM0\ARM_GCC_493\Debug\Design01.a(PC_PSoC_UART.o)
                0x00000c78                PC_PSoC_UART_Start
 .text.PC_PSoC_UART_UartInit
                0x00000c98       0x98 .\CortexM0\ARM_GCC_493\Debug\Design01.a(PC_PSoC_UART_UART.o)
                0x00000c98                PC_PSoC_UART_UartInit
 .text.PC_PSoC_UART_UartPostEnable
                0x00000d30       0x24 .\CortexM0\ARM_GCC_493\Debug\Design01.a(PC_PSoC_UART_UART.o)
                0x00000d30                PC_PSoC_UART_UartPostEnable
 .text.PC_PSoC_UART_UartPutString
                0x00000d54       0x18 .\CortexM0\ARM_GCC_493\Debug\Design01.a(PC_PSoC_UART_UART.o)
                0x00000d54                PC_PSoC_UART_UartPutString
 *fill*         0x00000d6c        0x4 
 .text          0x00000d70       0x28 .\CortexM0\ARM_GCC_493\Debug\Design01.a(CyBootAsmGnu.o)
                0x00000d70                CyDelayCycles
                0x00000d84                CyEnterCriticalSection
                0x00000d8c                CyExitCriticalSection
 .text.I2C_1_I2C_ISR
                0x00000d98      0x3a0 .\CortexM0\ARM_GCC_493\Debug\Design01.a(I2C_1_I2C_INT.o)
                0x00000d98                I2C_1_I2C_ISR
 .text.PC_PSoC_UART_SpiUartWriteTxData
                0x00001138       0x1c .\CortexM0\ARM_GCC_493\Debug\Design01.a(PC_PSoC_UART_SPI_UART.o)
                0x00001138                PC_PSoC_UART_SpiUartWriteTxData
 .text          0x00001154      0x120 c:/program files (x86)/cypress/psoc creator/3.3/psoc creator/import/gnu/arm/4.9.3/bin/../lib/gcc/arm-none-eabi/4.9.3/armv6-m\libgcc.a(_udivsi3.o)
                0x00001154                __aeabi_uidiv
                0x00001154                __udivsi3
                0x00001260                __aeabi_uidivmod
 .text          0x00001274      0x1e0 c:/program files (x86)/cypress/psoc creator/3.3/psoc creator/import/gnu/arm/4.9.3/bin/../lib/gcc/arm-none-eabi/4.9.3/armv6-m\libgcc.a(_divsi3.o)
                0x00001274                __divsi3
                0x00001274                __aeabi_idiv
                0x00001440                __aeabi_idivmod
 .text          0x00001454        0x4 c:/program files (x86)/cypress/psoc creator/3.3/psoc creator/import/gnu/arm/4.9.3/bin/../lib/gcc/arm-none-eabi/4.9.3/armv6-m\libgcc.a(_dvmd_tls.o)
                0x00001454                __aeabi_idiv0
                0x00001454                __aeabi_ldiv0
 .text.__errno  0x00001458        0xc c:/program files (x86)/cypress/psoc creator/3.3/psoc creator/import/gnu/arm/4.9.3/bin/../lib/gcc/arm-none-eabi/4.9.3/../../../../arm-none-eabi/lib/armv6-m\libg_nano.a(lib_a-errno.o)
                0x00001458                __errno
 .text.__libc_init_array
                0x00001464       0x4c c:/program files (x86)/cypress/psoc creator/3.3/psoc creator/import/gnu/arm/4.9.3/bin/../lib/gcc/arm-none-eabi/4.9.3/../../../../arm-none-eabi/lib/armv6-m\libg_nano.a(lib_a-init.o)
                0x00001464                __libc_init_array
 .text.memset   0x000014b0       0x10 c:/program files (x86)/cypress/psoc creator/3.3/psoc creator/import/gnu/arm/4.9.3/bin/../lib/gcc/arm-none-eabi/4.9.3/../../../../arm-none-eabi/lib/armv6-m\libg_nano.a(lib_a-memset.o)
                0x000014b0                memset
 .text.sprintf  0x000014c0       0x44 c:/program files (x86)/cypress/psoc creator/3.3/psoc creator/import/gnu/arm/4.9.3/bin/../lib/gcc/arm-none-eabi/4.9.3/../../../../arm-none-eabi/lib/armv6-m\libg_nano.a(lib_a-sprintf.o)
                0x000014c0                siprintf
                0x000014c0                sprintf
 .text.__ssputs_r
                0x00001504       0xc0 c:/program files (x86)/cypress/psoc creator/3.3/psoc creator/import/gnu/arm/4.9.3/bin/../lib/gcc/arm-none-eabi/4.9.3/../../../../arm-none-eabi/lib/armv6-m\libg_nano.a(lib_a-nano-svfprintf.o)
                0x00001504                __ssputs_r
 .text._svfprintf_r
                0x000015c4      0x1ec c:/program files (x86)/cypress/psoc creator/3.3/psoc creator/import/gnu/arm/4.9.3/bin/../lib/gcc/arm-none-eabi/4.9.3/../../../../arm-none-eabi/lib/armv6-m\libg_nano.a(lib_a-nano-svfprintf.o)
                0x000015c4                _svfiprintf_r
                0x000015c4                _svfprintf_r
 .text._printf_common
                0x000017b0       0xdc c:/program files (x86)/cypress/psoc creator/3.3/psoc creator/import/gnu/arm/4.9.3/bin/../lib/gcc/arm-none-eabi/4.9.3/../../../../arm-none-eabi/lib/armv6-m\libg_nano.a(lib_a-nano-vfprintf_i.o)
                0x000017b0                _printf_common
 .text._printf_i
                0x0000188c      0x230 c:/program files (x86)/cypress/psoc creator/3.3/psoc creator/import/gnu/arm/4.9.3/bin/../lib/gcc/arm-none-eabi/4.9.3/../../../../arm-none-eabi/lib/armv6-m\libg_nano.a(lib_a-nano-vfprintf_i.o)
                0x0000188c                _printf_i
 .text.memchr   0x00001abc       0x16 c:/program files (x86)/cypress/psoc creator/3.3/psoc creator/import/gnu/arm/4.9.3/bin/../lib/gcc/arm-none-eabi/4.9.3/../../../../arm-none-eabi/lib/armv6-m\libg_nano.a(lib_a-memchr.o)
                0x00001abc                memchr
 .text.memcpy   0x00001ad2       0x12 c:/program files (x86)/cypress/psoc creator/3.3/psoc creator/import/gnu/arm/4.9.3/bin/../lib/gcc/arm-none-eabi/4.9.3/../../../../arm-none-eabi/lib/armv6-m\libg_nano.a(lib_a-memcpy.o)
                0x00001ad2                memcpy
 .text.memmove  0x00001ae4       0x28 c:/program files (x86)/cypress/psoc creator/3.3/psoc creator/import/gnu/arm/4.9.3/bin/../lib/gcc/arm-none-eabi/4.9.3/../../../../arm-none-eabi/lib/armv6-m\libg_nano.a(lib_a-memmove.o)
                0x00001ae4                memmove
 .text._free_r  0x00001b0c       0x8c c:/program files (x86)/cypress/psoc creator/3.3/psoc creator/import/gnu/arm/4.9.3/bin/../lib/gcc/arm-none-eabi/4.9.3/../../../../arm-none-eabi/lib/armv6-m\libg_nano.a(lib_a-nano-freer.o)
                0x00001b0c                _free_r
 .text._malloc_r
                0x00001b98       0xb0 c:/program files (x86)/cypress/psoc creator/3.3/psoc creator/import/gnu/arm/4.9.3/bin/../lib/gcc/arm-none-eabi/4.9.3/../../../../arm-none-eabi/lib/armv6-m\libg_nano.a(lib_a-nano-mallocr.o)
                0x00001b98                _malloc_r
 .text._realloc_r
                0x00001c48       0x4c c:/program files (x86)/cypress/psoc creator/3.3/psoc creator/import/gnu/arm/4.9.3/bin/../lib/gcc/arm-none-eabi/4.9.3/../../../../arm-none-eabi/lib/armv6-m\libg_nano.a(lib_a-nano-reallocr.o)
                0x00001c48                _realloc_r
 .text._sbrk_r  0x00001c94       0x24 c:/program files (x86)/cypress/psoc creator/3.3/psoc creator/import/gnu/arm/4.9.3/bin/../lib/gcc/arm-none-eabi/4.9.3/../../../../arm-none-eabi/lib/armv6-m\libg_nano.a(lib_a-sbrkr.o)
                0x00001c94                _sbrk_r
 .text._malloc_usable_size_r
                0x00001cb8       0x16 c:/program files (x86)/cypress/psoc creator/3.3/psoc creator/import/gnu/arm/4.9.3/bin/../lib/gcc/arm-none-eabi/4.9.3/../../../../arm-none-eabi/lib/armv6-m\libg_nano.a(lib_a-nano-msizer.o)
                0x00001cb8                _malloc_usable_size_r
 *(.plt)
 *(.gnu.warning)
 *(.glue_7t)
 .glue_7t       0x00000000        0x0 linker stubs
 *(.glue_7)
 .glue_7        0x00000000        0x0 linker stubs
 *(.vfp11_veneer)
 .vfp11_veneer  0x00000000        0x0 linker stubs
 *(.bootloader)
 *(.ARM.extab* .gnu.linkonce.armextab.*)
 *(.gcc_except_table)

.v4_bx          0x00001cd0        0x0
 .v4_bx         0x00000000        0x0 linker stubs

.iplt           0x00001cd0        0x0
 .iplt          0x00000000        0x0 c:/program files (x86)/cypress/psoc creator/3.3/psoc creator/import/gnu/arm/4.9.3/bin/../lib/gcc/arm-none-eabi/4.9.3/armv6-m/crtbegin.o

.eh_frame_hdr
 *(.eh_frame_hdr)

.eh_frame       0x00001cd0        0x4
 *(.eh_frame)
 .eh_frame      0x00001cd0        0x0 c:/program files (x86)/cypress/psoc creator/3.3/psoc creator/import/gnu/arm/4.9.3/bin/../lib/gcc/arm-none-eabi/4.9.3/armv6-m/crtbegin.o
 .eh_frame      0x00001cd0        0x4 c:/program files (x86)/cypress/psoc creator/3.3/psoc creator/import/gnu/arm/4.9.3/bin/../lib/gcc/arm-none-eabi/4.9.3/armv6-m/crtend.o
                0x00001cd4                PROVIDE (__exidx_start, .)

.ARM.exidx
 *(.ARM.exidx* .gnu.linkonce.armexidx.*)
                0x00001cd4                __exidx_end = .

.rodata         0x00001cd4       0xac
 *(.rodata .rodata.* .gnu.linkonce.r.*)
 .rodata.str1.4
                0x00001cd4        0x4 .\CortexM0\ARM_GCC_493\Debug\main.o
 .rodata        0x00001cd8        0xc .\CortexM0\ARM_GCC_493\Debug\Design01.a(cyfitter_cfg.o)
 .rodata        0x00001ce4       0x30 .\CortexM0\ARM_GCC_493\Debug\Design01.a(CyLib.o)
                0x00001ce4                cyImoFreqMhz2Reg
 .rodata.str1.1
                0x00001d14        0x2 c:/program files (x86)/cypress/psoc creator/3.3/psoc creator/import/gnu/arm/4.9.3/bin/../lib/gcc/arm-none-eabi/4.9.3/../../../../arm-none-eabi/lib/armv6-m\libg_nano.a(lib_a-impure.o)
 .rodata.str1.1
                0x00001d16       0x11 c:/program files (x86)/cypress/psoc creator/3.3/psoc creator/import/gnu/arm/4.9.3/bin/../lib/gcc/arm-none-eabi/4.9.3/../../../../arm-none-eabi/lib/armv6-m\libg_nano.a(lib_a-nano-svfprintf.o)
 .rodata.str1.1
                0x00001d27       0x22 c:/program files (x86)/cypress/psoc creator/3.3/psoc creator/import/gnu/arm/4.9.3/bin/../lib/gcc/arm-none-eabi/4.9.3/../../../../arm-none-eabi/lib/armv6-m\libg_nano.a(lib_a-nano-vfprintf_i.o)
                0x00001d4c                . = ALIGN (0x4)
 *fill*         0x00001d49        0x3 
 *(.init)
 .init          0x00001d4c        0x4 c:/program files (x86)/cypress/psoc creator/3.3/psoc creator/import/gnu/arm/4.9.3/bin/../lib/gcc/arm-none-eabi/4.9.3/armv6-m/crti.o
                0x00001d4c                _init
 .init          0x00001d50        0x8 c:/program files (x86)/cypress/psoc creator/3.3/psoc creator/import/gnu/arm/4.9.3/bin/../lib/gcc/arm-none-eabi/4.9.3/armv6-m/crtn.o
                0x00001d58                . = ALIGN (0x4)
                0x00001d58                __preinit_array_start = .
 *(.preinit_array)
                0x00001d58                __preinit_array_end = .
                0x00001d58                . = ALIGN (0x4)
                0x00001d58                __init_array_start = .
 *(SORT(.init_array.*))
 *(.init_array)
 .init_array    0x00001d58        0x4 c:/program files (x86)/cypress/psoc creator/3.3/psoc creator/import/gnu/arm/4.9.3/bin/../lib/gcc/arm-none-eabi/4.9.3/armv6-m/crtbegin.o
 .init_array    0x00001d5c        0x4 .\CortexM0\ARM_GCC_493\Debug\Cm0Start.o
                0x00001d60                __init_array_end = .
                0x00001d60                . = ALIGN (0x4)
 *(.fini)
 .fini          0x00001d60        0x4 c:/program files (x86)/cypress/psoc creator/3.3/psoc creator/import/gnu/arm/4.9.3/bin/../lib/gcc/arm-none-eabi/4.9.3/armv6-m/crti.o
                0x00001d60                _fini
 .fini          0x00001d64        0x8 c:/program files (x86)/cypress/psoc creator/3.3/psoc creator/import/gnu/arm/4.9.3/bin/../lib/gcc/arm-none-eabi/4.9.3/armv6-m/crtn.o
                0x00001d6c                . = ALIGN (0x4)
                0x00001d6c                __fini_array_start = .
 *(.fini_array)
 .fini_array    0x00001d6c        0x4 c:/program files (x86)/cypress/psoc creator/3.3/psoc creator/import/gnu/arm/4.9.3/bin/../lib/gcc/arm-none-eabi/4.9.3/armv6-m/crtbegin.o
 *(SORT(.fini_array.*))
                0x00001d70                __fini_array_end = .
                0x00001d70                . = ALIGN (0x4)
 *crtbegin.o(.ctors)
 *(EXCLUDE_FILE(*crtend.o) .ctors)
 *(SORT(.ctors.*))
 *crtend.o(.ctors)
                0x00001d70                . = ALIGN (0x4)
 *crtbegin.o(.dtors)
 *(EXCLUDE_FILE(*crtend.o) .dtors)
 *(SORT(.dtors.*))
 *crtend.o(.dtors)
                0x00001d70                . = ALIGN (0x4)
                0x00001d70                __cy_regions = .
                0x00001d70        0x4 LONG 0x1d80 __cy_region_init_ram
                0x00001d74        0x4 LONG 0x200000c8 __cy_region_start_data
                0x00001d78        0x4 LONG 0x80 __cy_region_init_size_ram
                0x00001d7c        0x4 LONG 0x78 __cy_region_zero_size_ram
                0x00001d80                __cy_regions_end = .
                0x00001d80                . = ALIGN (0x8)
                0x00001d80                _etext = .

.cy_checksum_exclude
                0x00001d80        0x0
 *(.cy_checksum_exclude)

.ramvectors     0x20000000       0xc0
                0x20000000                __cy_region_start_ram = .
 *(.ramvectors)
 .ramvectors    0x20000000       0xc0 .\CortexM0\ARM_GCC_493\Debug\Cm0Start.o
                0x20000000                CyRamVectors

.noinit         0x200000c0        0x4
 *(.noinit)
 .noinit        0x200000c0        0x4 .\CortexM0\ARM_GCC_493\Debug\Cm0Start.o

.data           0x200000c8       0x80 load address 0x00001d80
                0x200000c8                __cy_region_start_data = .
 *(.jcr)
 .jcr           0x200000c8        0x0 c:/program files (x86)/cypress/psoc creator/3.3/psoc creator/import/gnu/arm/4.9.3/bin/../lib/gcc/arm-none-eabi/4.9.3/armv6-m/crtbegin.o
 .jcr           0x200000c8        0x4 c:/program files (x86)/cypress/psoc creator/3.3/psoc creator/import/gnu/arm/4.9.3/bin/../lib/gcc/arm-none-eabi/4.9.3/armv6-m/crtend.o
 *(.got.plt)
 *(.got)
 *(.shdata)
 *(.data .data.* .gnu.linkonce.d.*)
 .data          0x200000cc        0x4 .\CortexM0\ARM_GCC_493\Debug\Cm0Start.o
 .data          0x200000d0       0x10 .\CortexM0\ARM_GCC_493\Debug\Design01.a(CyLib.o)
                0x200000d0                cydelay32kMs
                0x200000d4                cydelayFreqKhz
                0x200000d8                cydelayFreqMhz
                0x200000dc                cydelayFreqHz
 .data          0x200000e0        0x4 .\CortexM0\ARM_GCC_493\Debug\Design01.a(CyLFClk.o)
 .data.impure_data
                0x200000e4       0x60 c:/program files (x86)/cypress/psoc creator/3.3/psoc creator/import/gnu/arm/4.9.3/bin/../lib/gcc/arm-none-eabi/4.9.3/../../../../arm-none-eabi/lib/armv6-m\libg_nano.a(lib_a-impure.o)
 .data._impure_ptr
                0x20000144        0x4 c:/program files (x86)/cypress/psoc creator/3.3/psoc creator/import/gnu/arm/4.9.3/bin/../lib/gcc/arm-none-eabi/4.9.3/../../../../arm-none-eabi/lib/armv6-m\libg_nano.a(lib_a-impure.o)
                0x20000144                _impure_ptr
                0x20000148                . = ALIGN (0x8)
 *(.ram)
                0x20000148                _edata = .

.igot.plt       0x20000148        0x0 load address 0x00001e00
 .igot.plt      0x00000000        0x0 c:/program files (x86)/cypress/psoc creator/3.3/psoc creator/import/gnu/arm/4.9.3/bin/../lib/gcc/arm-none-eabi/4.9.3/armv6-m/crtbegin.o

.bss            0x20000148       0x78 load address 0x00001e00
                0x20000148                PROVIDE (__bss_start__, .)
 *(.shbss)
 *(.bss .bss.* .gnu.linkonce.b.*)
 .bss           0x20000148       0x1c c:/program files (x86)/cypress/psoc creator/3.3/psoc creator/import/gnu/arm/4.9.3/bin/../lib/gcc/arm-none-eabi/4.9.3/armv6-m/crtbegin.o
 .bss           0x20000164       0x20 .\CortexM0\ARM_GCC_493\Debug\Design01.a(CyLFClk.o)
 .bss           0x20000184        0x8 .\CortexM0\ARM_GCC_493\Debug\Design01.a(I2C_1.o)
                0x20000184                I2C_1_initVar
                0x20000188                I2C_1_customIntrHandler
 .bss           0x2000018c        0x4 .\CortexM0\ARM_GCC_493\Debug\Design01.a(PC_PSoC_UART.o)
                0x2000018c                PC_PSoC_UART_initVar
                0x2000018e                PC_PSoC_UART_IntrTxMask
 .bss.__malloc_sbrk_start
                0x20000190        0x4 c:/program files (x86)/cypress/psoc creator/3.3/psoc creator/import/gnu/arm/4.9.3/bin/../lib/gcc/arm-none-eabi/4.9.3/../../../../arm-none-eabi/lib/armv6-m\libg_nano.a(lib_a-nano-mallocr.o)
                0x20000190                __malloc_sbrk_start
 .bss.__malloc_free_list
                0x20000194        0x4 c:/program files (x86)/cypress/psoc creator/3.3/psoc creator/import/gnu/arm/4.9.3/bin/../lib/gcc/arm-none-eabi/4.9.3/../../../../arm-none-eabi/lib/armv6-m\libg_nano.a(lib_a-nano-mallocr.o)
                0x20000194                __malloc_free_list
 *(COMMON)
 COMMON         0x20000198        0x1 .\CortexM0\ARM_GCC_493\Debug\Design01.a(I2C_1_I2C.o)
                0x20000198                I2C_1_state
 *fill*         0x20000199        0x3 
 COMMON         0x2000019c       0x20 .\CortexM0\ARM_GCC_493\Debug\Design01.a(I2C_1_I2C_MASTER.o)
                0x2000019c                I2C_1_mstrWrBufIndexTmp
                0x200001a0                I2C_1_mstrWrBufIndex
                0x200001a4                I2C_1_mstrControl
                0x200001a6                I2C_1_mstrStatus
                0x200001a8                I2C_1_mstrWrBufSize
                0x200001ac                I2C_1_mstrRdBufIndex
                0x200001b0                I2C_1_mstrWrBufPtr
                0x200001b4                I2C_1_mstrRdBufPtr
                0x200001b8                I2C_1_mstrRdBufSize
 COMMON         0x200001bc        0x4 c:/program files (x86)/cypress/psoc creator/3.3/psoc creator/import/gnu/arm/4.9.3/bin/../lib/gcc/arm-none-eabi/4.9.3/../../../../arm-none-eabi/lib/armv6-m\libg_nano.a(lib_a-reent.o)
                0x200001bc                errno
                0x200001c0                . = ALIGN (0x8)
 *(.ram.b)
                0x200001c0                _end = .
                0x200001c0                __end = .
                0x200001c0                PROVIDE (end, .)
                0x200001c0                PROVIDE (__bss_end__, .)
                0x00001d80                __cy_region_init_ram = LOADADDR (.data)
                0x00000080                __cy_region_init_size_ram = (_edata - ADDR (.data))
                0x00000078                __cy_region_zero_size_ram = (_end - _edata)

.heap           0x200001c0       0x80 load address 0x00001e00
                0x200001c0                . = _end
                0x20000240                . = (. + 0x80)
 *fill*         0x200001c0       0x80 
                0x20000240                __cy_heap_limit = .

.stack          0x20000c00      0x400
                0x20000c00                __cy_stack_limit = .
                0x20001000                . = (. + 0x400)
 *fill*         0x20000c00      0x400 
                0x00000001                ASSERT ((__cy_stack_limit >= __cy_heap_limit), region RAM overflowed with stack)
                0x00000000                cy_checksum_exclude_size = (CY_APPL_LOADABLE == 0x1)?SIZEOF (.cy_checksum_exclude):0x0
                0x00000001                ASSERT ((cy_checksum_exclude_size <= CY_CHECKSUM_EXCLUDE_SIZE), CY_BOOT: Section .cy_checksum_exclude size exceedes specified limit.)
                0x00007fc0                cyloadermeta_start = (cy_project_type_bootloader || cy_project_type_app_for_stack_and_copier)?(0x8000 - CY_METADATA_SIZE):0xf0000000

.cyloadermeta
 *(.cyloadermeta)
                0x00007fc0                cyloadablemeta_start = cy_project_type_app_for_stack_and_copier?((0x8000 - CY_FLASH_ROW_SIZE) - CY_METADATA_SIZE):((0x8000 - (CY_FLASH_ROW_SIZE * (CY_APPL_NUM - 0x1))) - CY_METADATA_SIZE)

.cyloadablemeta
 *(.cyloadablemeta)

.cyflashprotect
                0x90400000       0x20
 *(.cyflashprotect)
 .cyflashprotect
                0x90400000       0x20 .\CortexM0\ARM_GCC_493\Debug\cymetadata.o
                0x90400000                cy_meta_flashprotect

.cymeta         0x90500000        0xc
 *(.cymeta)
 .cymeta        0x90500000        0xc .\CortexM0\ARM_GCC_493\Debug\cymetadata.o
                0x90500000                cy_metadata

.cychipprotect  0x90600000        0x4
 *(.cychipprotect)
 .cychipprotect
                0x90600000        0x4 .\CortexM0\ARM_GCC_493\Debug\cymetadata.o
                0x90600000                cy_meta_chipprotect

.rel.dyn        0x00001e00        0x0 load address 0x90600004
 .rel.iplt      0x00000000        0x0 c:/program files (x86)/cypress/psoc creator/3.3/psoc creator/import/gnu/arm/4.9.3/bin/../lib/gcc/arm-none-eabi/4.9.3/armv6-m/crtbegin.o

.stab
 *(.stab)

.stabstr
 *(.stabstr)

.debug
 *(.debug)

.line
 *(.line)

.debug_srcinfo
 *(.debug_srcinfo)

.debug_sfnames
 *(.debug_sfnames)

.debug_aranges  0x00000000      0x6f0
 *(.debug_aranges)
 .debug_aranges
                0x00000000       0x20 .\CortexM0\ARM_GCC_493\Debug\main.o
 .debug_aranges
                0x00000020       0x40 .\CortexM0\ARM_GCC_493\Debug\functions.o
 .debug_aranges
                0x00000060       0x48 .\CortexM0\ARM_GCC_493\Debug\accelerometer.o
 .debug_aranges
                0x000000a8       0x18 .\CortexM0\ARM_GCC_493\Debug\cymetadata.o
 .debug_aranges
                0x000000c0       0x48 .\CortexM0\ARM_GCC_493\Debug\Cm0Start.o
 .debug_aranges
                0x00000108       0x30 .\CortexM0\ARM_GCC_493\Debug\Design01.a(cyfitter_cfg.o)
 .debug_aranges
                0x00000138      0x178 .\CortexM0\ARM_GCC_493\Debug\Design01.a(CyLib.o)
 .debug_aranges
                0x000002b0      0x138 .\CortexM0\ARM_GCC_493\Debug\Design01.a(CyLFClk.o)
 .debug_aranges
                0x000003e8       0x68 .\CortexM0\ARM_GCC_493\Debug\Design01.a(I2C_1.o)
 .debug_aranges
                0x00000450       0x28 .\CortexM0\ARM_GCC_493\Debug\Design01.a(I2C_1_I2C.o)
 .debug_aranges
                0x00000478       0x88 .\CortexM0\ARM_GCC_493\Debug\Design01.a(I2C_1_I2C_MASTER.o)
 .debug_aranges
                0x00000500       0x48 .\CortexM0\ARM_GCC_493\Debug\Design01.a(I2C_1_sda.o)
 .debug_aranges
                0x00000548       0x48 .\CortexM0\ARM_GCC_493\Debug\Design01.a(I2C_1_scl.o)
 .debug_aranges
                0x00000590       0x60 .\CortexM0\ARM_GCC_493\Debug\Design01.a(PC_PSoC_UART.o)
 .debug_aranges
                0x000005f0       0x60 .\CortexM0\ARM_GCC_493\Debug\Design01.a(PC_PSoC_UART_UART.o)
 .debug_aranges
                0x00000650       0x20 .\CortexM0\ARM_GCC_493\Debug\Design01.a(CyBootAsmGnu.o)
 .debug_aranges
                0x00000670       0x20 .\CortexM0\ARM_GCC_493\Debug\Design01.a(I2C_1_I2C_INT.o)
 .debug_aranges
                0x00000690       0x60 .\CortexM0\ARM_GCC_493\Debug\Design01.a(PC_PSoC_UART_SPI_UART.o)

.debug_pubnames
 *(.debug_pubnames)

.debug_info     0x00000000     0x4512
 *(.debug_info .gnu.linkonce.wi.*)
 .debug_info    0x00000000      0x403 .\CortexM0\ARM_GCC_493\Debug\main.o
 .debug_info    0x00000403      0x52c .\CortexM0\ARM_GCC_493\Debug\functions.o
 .debug_info    0x0000092f      0x5b7 .\CortexM0\ARM_GCC_493\Debug\accelerometer.o
 .debug_info    0x00000ee6       0xfe .\CortexM0\ARM_GCC_493\Debug\cymetadata.o
 .debug_info    0x00000fe4      0x38c .\CortexM0\ARM_GCC_493\Debug\Cm0Start.o
 .debug_info    0x00001370      0x293 .\CortexM0\ARM_GCC_493\Debug\Design01.a(cyfitter_cfg.o)
 .debug_info    0x00001603      0xad1 .\CortexM0\ARM_GCC_493\Debug\Design01.a(CyLib.o)
 .debug_info    0x000020d4      0xcfc .\CortexM0\ARM_GCC_493\Debug\Design01.a(CyLFClk.o)
 .debug_info    0x00002dd0      0x2a9 .\CortexM0\ARM_GCC_493\Debug\Design01.a(I2C_1.o)
 .debug_info    0x00003079      0x1ab .\CortexM0\ARM_GCC_493\Debug\Design01.a(I2C_1_I2C.o)
 .debug_info    0x00003224      0x685 .\CortexM0\ARM_GCC_493\Debug\Design01.a(I2C_1_I2C_MASTER.o)
 .debug_info    0x000038a9      0x19d .\CortexM0\ARM_GCC_493\Debug\Design01.a(I2C_1_sda.o)
 .debug_info    0x00003a46      0x19b .\CortexM0\ARM_GCC_493\Debug\Design01.a(I2C_1_scl.o)
 .debug_info    0x00003be1      0x239 .\CortexM0\ARM_GCC_493\Debug\Design01.a(PC_PSoC_UART.o)
 .debug_info    0x00003e1a      0x2c4 .\CortexM0\ARM_GCC_493\Debug\Design01.a(PC_PSoC_UART_UART.o)
 .debug_info    0x000040de       0x8e .\CortexM0\ARM_GCC_493\Debug\Design01.a(CyBootAsmGnu.o)
 .debug_info    0x0000416c      0x18d .\CortexM0\ARM_GCC_493\Debug\Design01.a(I2C_1_I2C_INT.o)
 .debug_info    0x000042f9      0x219 .\CortexM0\ARM_GCC_493\Debug\Design01.a(PC_PSoC_UART_SPI_UART.o)

.debug_abbrev   0x00000000     0x15f3
 *(.debug_abbrev)
 .debug_abbrev  0x00000000      0x161 .\CortexM0\ARM_GCC_493\Debug\main.o
 .debug_abbrev  0x00000161      0x198 .\CortexM0\ARM_GCC_493\Debug\functions.o
 .debug_abbrev  0x000002f9      0x15c .\CortexM0\ARM_GCC_493\Debug\accelerometer.o
 .debug_abbrev  0x00000455       0x5d .\CortexM0\ARM_GCC_493\Debug\cymetadata.o
 .debug_abbrev  0x000004b2      0x1fe .\CortexM0\ARM_GCC_493\Debug\Cm0Start.o
 .debug_abbrev  0x000006b0      0x18c .\CortexM0\ARM_GCC_493\Debug\Design01.a(cyfitter_cfg.o)
 .debug_abbrev  0x0000083c      0x20d .\CortexM0\ARM_GCC_493\Debug\Design01.a(CyLib.o)
 .debug_abbrev  0x00000a49      0x23b .\CortexM0\ARM_GCC_493\Debug\Design01.a(CyLFClk.o)
 .debug_abbrev  0x00000c84      0x15b .\CortexM0\ARM_GCC_493\Debug\Design01.a(I2C_1.o)
 .debug_abbrev  0x00000ddf       0xf3 .\CortexM0\ARM_GCC_493\Debug\Design01.a(I2C_1_I2C.o)
 .debug_abbrev  0x00000ed2      0x17c .\CortexM0\ARM_GCC_493\Debug\Design01.a(I2C_1_I2C_MASTER.o)
 .debug_abbrev  0x0000104e       0xc8 .\CortexM0\ARM_GCC_493\Debug\Design01.a(I2C_1_sda.o)
 .debug_abbrev  0x00001116       0xc8 .\CortexM0\ARM_GCC_493\Debug\Design01.a(I2C_1_scl.o)
 .debug_abbrev  0x000011de       0xed .\CortexM0\ARM_GCC_493\Debug\Design01.a(PC_PSoC_UART.o)
 .debug_abbrev  0x000012cb      0x13d .\CortexM0\ARM_GCC_493\Debug\Design01.a(PC_PSoC_UART_UART.o)
 .debug_abbrev  0x00001408       0x14 .\CortexM0\ARM_GCC_493\Debug\Design01.a(CyBootAsmGnu.o)
 .debug_abbrev  0x0000141c       0x88 .\CortexM0\ARM_GCC_493\Debug\Design01.a(I2C_1_I2C_INT.o)
 .debug_abbrev  0x000014a4      0x14f .\CortexM0\ARM_GCC_493\Debug\Design01.a(PC_PSoC_UART_SPI_UART.o)

.debug_line     0x00000000     0x1f80
 *(.debug_line)
 .debug_line    0x00000000      0x1c6 .\CortexM0\ARM_GCC_493\Debug\main.o
 .debug_line    0x000001c6      0x233 .\CortexM0\ARM_GCC_493\Debug\functions.o
 .debug_line    0x000003f9      0x289 .\CortexM0\ARM_GCC_493\Debug\accelerometer.o
 .debug_line    0x00000682       0x53 .\CortexM0\ARM_GCC_493\Debug\cymetadata.o
 .debug_line    0x000006d5      0x248 .\CortexM0\ARM_GCC_493\Debug\Cm0Start.o
 .debug_line    0x0000091d      0x137 .\CortexM0\ARM_GCC_493\Debug\Design01.a(cyfitter_cfg.o)
 .debug_line    0x00000a54      0x44b .\CortexM0\ARM_GCC_493\Debug\Design01.a(CyLib.o)
 .debug_line    0x00000e9f      0x469 .\CortexM0\ARM_GCC_493\Debug\Design01.a(CyLFClk.o)
 .debug_line    0x00001308      0x160 .\CortexM0\ARM_GCC_493\Debug\Design01.a(I2C_1.o)
 .debug_line    0x00001468       0xc1 .\CortexM0\ARM_GCC_493\Debug\Design01.a(I2C_1_I2C.o)
 .debug_line    0x00001529      0x2d9 .\CortexM0\ARM_GCC_493\Debug\Design01.a(I2C_1_I2C_MASTER.o)
 .debug_line    0x00001802       0xc3 .\CortexM0\ARM_GCC_493\Debug\Design01.a(I2C_1_sda.o)
 .debug_line    0x000018c5       0xc2 .\CortexM0\ARM_GCC_493\Debug\Design01.a(I2C_1_scl.o)
 .debug_line    0x00001987      0x150 .\CortexM0\ARM_GCC_493\Debug\Design01.a(PC_PSoC_UART.o)
 .debug_line    0x00001ad7      0x17d .\CortexM0\ARM_GCC_493\Debug\Design01.a(PC_PSoC_UART_UART.o)
 .debug_line    0x00001c54       0x6b .\CortexM0\ARM_GCC_493\Debug\Design01.a(CyBootAsmGnu.o)
 .debug_line    0x00001cbf      0x186 .\CortexM0\ARM_GCC_493\Debug\Design01.a(I2C_1_I2C_INT.o)
 .debug_line    0x00001e45      0x13b .\CortexM0\ARM_GCC_493\Debug\Design01.a(PC_PSoC_UART_SPI_UART.o)

.debug_frame    0x00000000     0x13e8
 *(.debug_frame)
 .debug_frame   0x00000000       0x40 .\CortexM0\ARM_GCC_493\Debug\main.o
 .debug_frame   0x00000040       0xa8 .\CortexM0\ARM_GCC_493\Debug\functions.o
 .debug_frame   0x000000e8       0xc8 .\CortexM0\ARM_GCC_493\Debug\accelerometer.o
 .debug_frame   0x000001b0       0xb0 .\CortexM0\ARM_GCC_493\Debug\Cm0Start.o
 .debug_frame   0x00000260       0x68 .\CortexM0\ARM_GCC_493\Debug\Design01.a(cyfitter_cfg.o)
 .debug_frame   0x000002c8      0x3d0 .\CortexM0\ARM_GCC_493\Debug\Design01.a(CyLib.o)
 .debug_frame   0x00000698      0x3a8 .\CortexM0\ARM_GCC_493\Debug\Design01.a(CyLFClk.o)
 .debug_frame   0x00000a40       0xf8 .\CortexM0\ARM_GCC_493\Debug\Design01.a(I2C_1.o)
 .debug_frame   0x00000b38       0x3c .\CortexM0\ARM_GCC_493\Debug\Design01.a(I2C_1_I2C.o)
 .debug_frame   0x00000b74      0x178 .\CortexM0\ARM_GCC_493\Debug\Design01.a(I2C_1_I2C_MASTER.o)
 .debug_frame   0x00000cec       0x70 .\CortexM0\ARM_GCC_493\Debug\Design01.a(I2C_1_sda.o)
 .debug_frame   0x00000d5c       0x70 .\CortexM0\ARM_GCC_493\Debug\Design01.a(I2C_1_scl.o)
 .debug_frame   0x00000dcc       0xe8 .\CortexM0\ARM_GCC_493\Debug\Design01.a(PC_PSoC_UART.o)
 .debug_frame   0x00000eb4       0xe0 .\CortexM0\ARM_GCC_493\Debug\Design01.a(PC_PSoC_UART_UART.o)
 .debug_frame   0x00000f94       0x2c .\CortexM0\ARM_GCC_493\Debug\Design01.a(I2C_1_I2C_INT.o)
 .debug_frame   0x00000fc0       0xb0 .\CortexM0\ARM_GCC_493\Debug\Design01.a(PC_PSoC_UART_SPI_UART.o)
 .debug_frame   0x00001070       0x20 c:/program files (x86)/cypress/psoc creator/3.3/psoc creator/import/gnu/arm/4.9.3/bin/../lib/gcc/arm-none-eabi/4.9.3/armv6-m\libgcc.a(_udivsi3.o)
 .debug_frame   0x00001090       0x20 c:/program files (x86)/cypress/psoc creator/3.3/psoc creator/import/gnu/arm/4.9.3/bin/../lib/gcc/arm-none-eabi/4.9.3/armv6-m\libgcc.a(_divsi3.o)
 .debug_frame   0x000010b0       0x20 c:/program files (x86)/cypress/psoc creator/3.3/psoc creator/import/gnu/arm/4.9.3/bin/../lib/gcc/arm-none-eabi/4.9.3/../../../../arm-none-eabi/lib/armv6-m\libg_nano.a(lib_a-errno.o)
 .debug_frame   0x000010d0       0x28 c:/program files (x86)/cypress/psoc creator/3.3/psoc creator/import/gnu/arm/4.9.3/bin/../lib/gcc/arm-none-eabi/4.9.3/../../../../arm-none-eabi/lib/armv6-m\libg_nano.a(lib_a-exit.o)
 .debug_frame   0x000010f8       0x2c c:/program files (x86)/cypress/psoc creator/3.3/psoc creator/import/gnu/arm/4.9.3/bin/../lib/gcc/arm-none-eabi/4.9.3/../../../../arm-none-eabi/lib/armv6-m\libg_nano.a(lib_a-init.o)
 .debug_frame   0x00001124       0x20 c:/program files (x86)/cypress/psoc creator/3.3/psoc creator/import/gnu/arm/4.9.3/bin/../lib/gcc/arm-none-eabi/4.9.3/../../../../arm-none-eabi/lib/armv6-m\libg_nano.a(lib_a-memset.o)
 .debug_frame   0x00001144       0x50 c:/program files (x86)/cypress/psoc creator/3.3/psoc creator/import/gnu/arm/4.9.3/bin/../lib/gcc/arm-none-eabi/4.9.3/../../../../arm-none-eabi/lib/armv6-m\libg_nano.a(lib_a-sprintf.o)
 .debug_frame   0x00001194       0x74 c:/program files (x86)/cypress/psoc creator/3.3/psoc creator/import/gnu/arm/4.9.3/bin/../lib/gcc/arm-none-eabi/4.9.3/../../../../arm-none-eabi/lib/armv6-m\libg_nano.a(lib_a-nano-svfprintf.o)
 .debug_frame   0x00001208       0x54 c:/program files (x86)/cypress/psoc creator/3.3/psoc creator/import/gnu/arm/4.9.3/bin/../lib/gcc/arm-none-eabi/4.9.3/../../../../arm-none-eabi/lib/armv6-m\libg_nano.a(lib_a-nano-vfprintf_i.o)
 .debug_frame   0x0000125c       0x20 c:/program files (x86)/cypress/psoc creator/3.3/psoc creator/import/gnu/arm/4.9.3/bin/../lib/gcc/arm-none-eabi/4.9.3/../../../../arm-none-eabi/lib/armv6-m\libg_nano.a(lib_a-memchr.o)
 .debug_frame   0x0000127c       0x28 c:/program files (x86)/cypress/psoc creator/3.3/psoc creator/import/gnu/arm/4.9.3/bin/../lib/gcc/arm-none-eabi/4.9.3/../../../../arm-none-eabi/lib/armv6-m\libg_nano.a(lib_a-memcpy.o)
 .debug_frame   0x000012a4       0x28 c:/program files (x86)/cypress/psoc creator/3.3/psoc creator/import/gnu/arm/4.9.3/bin/../lib/gcc/arm-none-eabi/4.9.3/../../../../arm-none-eabi/lib/armv6-m\libg_nano.a(lib_a-memmove.o)
 .debug_frame   0x000012cc       0x2c c:/program files (x86)/cypress/psoc creator/3.3/psoc creator/import/gnu/arm/4.9.3/bin/../lib/gcc/arm-none-eabi/4.9.3/../../../../arm-none-eabi/lib/armv6-m\libg_nano.a(lib_a-nano-freer.o)
 .debug_frame   0x000012f8       0x2c c:/program files (x86)/cypress/psoc creator/3.3/psoc creator/import/gnu/arm/4.9.3/bin/../lib/gcc/arm-none-eabi/4.9.3/../../../../arm-none-eabi/lib/armv6-m\libg_nano.a(lib_a-nano-mallocr.o)
 .debug_frame   0x00001324       0x30 c:/program files (x86)/cypress/psoc creator/3.3/psoc creator/import/gnu/arm/4.9.3/bin/../lib/gcc/arm-none-eabi/4.9.3/../../../../arm-none-eabi/lib/armv6-m\libg_nano.a(lib_a-nano-reallocr.o)
 .debug_frame   0x00001354       0x2c c:/program files (x86)/cypress/psoc creator/3.3/psoc creator/import/gnu/arm/4.9.3/bin/../lib/gcc/arm-none-eabi/4.9.3/../../../../arm-none-eabi/lib/armv6-m\libg_nano.a(lib_a-sbrkr.o)
 .debug_frame   0x00001380       0x20 c:/program files (x86)/cypress/psoc creator/3.3/psoc creator/import/gnu/arm/4.9.3/bin/../lib/gcc/arm-none-eabi/4.9.3/../../../../arm-none-eabi/lib/armv6-m\libg_nano.a(lib_a-nano-msizer.o)
 .debug_frame   0x000013a0       0x48 c:/program files (x86)/cypress/psoc creator/3.3/psoc creator/import/gnu/arm/4.9.3/bin/../lib/gcc/arm-none-eabi/4.9.3/../../../../arm-none-eabi/lib/armv6-m\libg_nano.a(lib_a-reent.o)

.debug_str      0x00000000     0x19f5
 *(.debug_str)
 .debug_str     0x00000000      0x2ce .\CortexM0\ARM_GCC_493\Debug\main.o
                                0x32c (size before relaxing)
 .debug_str     0x000002ce      0x136 .\CortexM0\ARM_GCC_493\Debug\functions.o
                                0x3ed (size before relaxing)
 .debug_str     0x00000404       0x90 .\CortexM0\ARM_GCC_493\Debug\accelerometer.o
                                0x3b5 (size before relaxing)
 .debug_str     0x00000494       0x99 .\CortexM0\ARM_GCC_493\Debug\cymetadata.o
                                0x1cc (size before relaxing)
 .debug_str     0x0000052d      0x151 .\CortexM0\ARM_GCC_493\Debug\Cm0Start.o
                                0x2f3 (size before relaxing)
 .debug_str     0x0000067e       0x96 .\CortexM0\ARM_GCC_493\Debug\Design01.a(cyfitter_cfg.o)
                                0x249 (size before relaxing)
 .debug_str     0x00000714      0x4a3 .\CortexM0\ARM_GCC_493\Debug\Design01.a(CyLib.o)
                                0x687 (size before relaxing)
 .debug_str     0x00000bb7      0x539 .\CortexM0\ARM_GCC_493\Debug\Design01.a(CyLFClk.o)
                                0x72f (size before relaxing)
 .debug_str     0x000010f0      0x134 .\CortexM0\ARM_GCC_493\Debug\Design01.a(I2C_1.o)
                                0x2e9 (size before relaxing)
 .debug_str     0x00001224       0x6c .\CortexM0\ARM_GCC_493\Debug\Design01.a(I2C_1_I2C.o)
                                0x247 (size before relaxing)
 .debug_str     0x00001290      0x224 .\CortexM0\ARM_GCC_493\Debug\Design01.a(I2C_1_I2C_MASTER.o)
                                0x47f (size before relaxing)
 .debug_str     0x000014b4       0xa3 .\CortexM0\ARM_GCC_493\Debug\Design01.a(I2C_1_sda.o)
                                0x250 (size before relaxing)
 .debug_str     0x00001557       0x6f .\CortexM0\ARM_GCC_493\Debug\Design01.a(I2C_1_scl.o)
                                0x250 (size before relaxing)
 .debug_str     0x000015c6      0x169 .\CortexM0\ARM_GCC_493\Debug\Design01.a(PC_PSoC_UART.o)
                                0x31d (size before relaxing)
 .debug_str     0x0000172f      0x15c .\CortexM0\ARM_GCC_493\Debug\Design01.a(PC_PSoC_UART_UART.o)
                                0x364 (size before relaxing)
 .debug_str     0x0000188b       0x4d .\CortexM0\ARM_GCC_493\Debug\Design01.a(I2C_1_I2C_INT.o)
                                0x2b6 (size before relaxing)
 .debug_str     0x000018d8      0x11d .\CortexM0\ARM_GCC_493\Debug\Design01.a(PC_PSoC_UART_SPI_UART.o)
                                0x310 (size before relaxing)

.debug_loc      0x00000000     0x2295
 *(.debug_loc)
 .debug_loc     0x00000000       0x35 .\CortexM0\ARM_GCC_493\Debug\main.o
 .debug_loc     0x00000035      0x1a2 .\CortexM0\ARM_GCC_493\Debug\functions.o
 .debug_loc     0x000001d7      0x186 .\CortexM0\ARM_GCC_493\Debug\accelerometer.o
 .debug_loc     0x0000035d      0x14f .\CortexM0\ARM_GCC_493\Debug\Cm0Start.o
 .debug_loc     0x000004ac       0xa9 .\CortexM0\ARM_GCC_493\Debug\Design01.a(cyfitter_cfg.o)
 .debug_loc     0x00000555      0x5b5 .\CortexM0\ARM_GCC_493\Debug\Design01.a(CyLib.o)
 .debug_loc     0x00000b0a      0x9d5 .\CortexM0\ARM_GCC_493\Debug\Design01.a(CyLFClk.o)
 .debug_loc     0x000014df       0x7e .\CortexM0\ARM_GCC_493\Debug\Design01.a(I2C_1.o)
 .debug_loc     0x0000155d      0x882 .\CortexM0\ARM_GCC_493\Debug\Design01.a(I2C_1_I2C_MASTER.o)
 .debug_loc     0x00001ddf       0xa2 .\CortexM0\ARM_GCC_493\Debug\Design01.a(I2C_1_sda.o)
 .debug_loc     0x00001e81       0x81 .\CortexM0\ARM_GCC_493\Debug\Design01.a(I2C_1_scl.o)
 .debug_loc     0x00001f02       0x7e .\CortexM0\ARM_GCC_493\Debug\Design01.a(PC_PSoC_UART.o)
 .debug_loc     0x00001f80      0x173 .\CortexM0\ARM_GCC_493\Debug\Design01.a(PC_PSoC_UART_UART.o)
 .debug_loc     0x000020f3      0x10c .\CortexM0\ARM_GCC_493\Debug\Design01.a(I2C_1_I2C_INT.o)
 .debug_loc     0x000021ff       0x96 .\CortexM0\ARM_GCC_493\Debug\Design01.a(PC_PSoC_UART_SPI_UART.o)

.debug_macinfo
 *(.debug_macinfo)

.debug_ranges   0x00000000      0x5b8
 *(.debug_ranges)
 .debug_ranges  0x00000000       0x10 .\CortexM0\ARM_GCC_493\Debug\main.o
 .debug_ranges  0x00000010       0x30 .\CortexM0\ARM_GCC_493\Debug\functions.o
 .debug_ranges  0x00000040       0x38 .\CortexM0\ARM_GCC_493\Debug\accelerometer.o
 .debug_ranges  0x00000078       0x38 .\CortexM0\ARM_GCC_493\Debug\Cm0Start.o
 .debug_ranges  0x000000b0       0x20 .\CortexM0\ARM_GCC_493\Debug\Design01.a(cyfitter_cfg.o)
 .debug_ranges  0x000000d0      0x168 .\CortexM0\ARM_GCC_493\Debug\Design01.a(CyLib.o)
 .debug_ranges  0x00000238      0x128 .\CortexM0\ARM_GCC_493\Debug\Design01.a(CyLFClk.o)
 .debug_ranges  0x00000360       0x58 .\CortexM0\ARM_GCC_493\Debug\Design01.a(I2C_1.o)
 .debug_ranges  0x000003b8       0x18 .\CortexM0\ARM_GCC_493\Debug\Design01.a(I2C_1_I2C.o)
 .debug_ranges  0x000003d0       0x78 .\CortexM0\ARM_GCC_493\Debug\Design01.a(I2C_1_I2C_MASTER.o)
 .debug_ranges  0x00000448       0x38 .\CortexM0\ARM_GCC_493\Debug\Design01.a(I2C_1_sda.o)
 .debug_ranges  0x00000480       0x38 .\CortexM0\ARM_GCC_493\Debug\Design01.a(I2C_1_scl.o)
 .debug_ranges  0x000004b8       0x50 .\CortexM0\ARM_GCC_493\Debug\Design01.a(PC_PSoC_UART.o)
 .debug_ranges  0x00000508       0x50 .\CortexM0\ARM_GCC_493\Debug\Design01.a(PC_PSoC_UART_UART.o)
 .debug_ranges  0x00000558       0x10 .\CortexM0\ARM_GCC_493\Debug\Design01.a(I2C_1_I2C_INT.o)
 .debug_ranges  0x00000568       0x50 .\CortexM0\ARM_GCC_493\Debug\Design01.a(PC_PSoC_UART_SPI_UART.o)

.comment        0x00000000       0x70
 .comment       0x00000000       0x70 .\CortexM0\ARM_GCC_493\Debug\main.o
                                 0x71 (size before relaxing)
 .comment       0x00000000       0x71 .\CortexM0\ARM_GCC_493\Debug\functions.o
 .comment       0x00000000       0x71 .\CortexM0\ARM_GCC_493\Debug\accelerometer.o
 .comment       0x00000000       0x71 .\CortexM0\ARM_GCC_493\Debug\cymetadata.o
 .comment       0x00000000       0x71 .\CortexM0\ARM_GCC_493\Debug\Cm0Start.o
 .comment       0x00000000       0x71 .\CortexM0\ARM_GCC_493\Debug\Design01.a(cyfitter_cfg.o)
 .comment       0x00000000       0x71 .\CortexM0\ARM_GCC_493\Debug\Design01.a(CyLib.o)
 .comment       0x00000000       0x71 .\CortexM0\ARM_GCC_493\Debug\Design01.a(CyLFClk.o)
 .comment       0x00000000       0x71 .\CortexM0\ARM_GCC_493\Debug\Design01.a(I2C_1.o)
 .comment       0x00000000       0x71 .\CortexM0\ARM_GCC_493\Debug\Design01.a(I2C_1_I2C.o)
 .comment       0x00000000       0x71 .\CortexM0\ARM_GCC_493\Debug\Design01.a(I2C_1_I2C_MASTER.o)
 .comment       0x00000000       0x71 .\CortexM0\ARM_GCC_493\Debug\Design01.a(I2C_1_sda.o)
 .comment       0x00000000       0x71 .\CortexM0\ARM_GCC_493\Debug\Design01.a(I2C_1_scl.o)
 .comment       0x00000000       0x71 .\CortexM0\ARM_GCC_493\Debug\Design01.a(PC_PSoC_UART.o)
 .comment       0x00000000       0x71 .\CortexM0\ARM_GCC_493\Debug\Design01.a(PC_PSoC_UART_UART.o)
 .comment       0x00000000       0x71 .\CortexM0\ARM_GCC_493\Debug\Design01.a(I2C_1_I2C_INT.o)
 .comment       0x00000000       0x71 .\CortexM0\ARM_GCC_493\Debug\Design01.a(PC_PSoC_UART_SPI_UART.o)

.debug_weaknames
 *(.debug_weaknames)

.debug_funcnames
 *(.debug_funcnames)

.debug_typenames
 *(.debug_typenames)

.debug_varnames
 *(.debug_varnames)

.note.gnu.arm.ident
 *(.note.gnu.arm.ident)

.ARM.attributes
                0x00000000       0x28
 *(.ARM.attributes)
 .ARM.attributes
                0x00000000       0x1e c:/program files (x86)/cypress/psoc creator/3.3/psoc creator/import/gnu/arm/4.9.3/bin/../lib/gcc/arm-none-eabi/4.9.3/armv6-m/crti.o
 .ARM.attributes
                0x0000001e       0x2c c:/program files (x86)/cypress/psoc creator/3.3/psoc creator/import/gnu/arm/4.9.3/bin/../lib/gcc/arm-none-eabi/4.9.3/armv6-m/crtbegin.o
 .ARM.attributes
                0x0000004a       0x1b c:/program files (x86)/cypress/psoc creator/3.3/psoc creator/import/gnu/arm/4.9.3/bin/../lib/gcc/arm-none-eabi/4.9.3/../../../../arm-none-eabi/lib/armv6-m/crt0.o
 .ARM.attributes
                0x00000065       0x31 .\CortexM0\ARM_GCC_493\Debug\main.o
 .ARM.attributes
                0x00000096       0x31 .\CortexM0\ARM_GCC_493\Debug\functions.o
 .ARM.attributes
                0x000000c7       0x31 .\CortexM0\ARM_GCC_493\Debug\accelerometer.o
 .ARM.attributes
                0x000000f8       0x31 .\CortexM0\ARM_GCC_493\Debug\cymetadata.o
 .ARM.attributes
                0x00000129       0x31 .\CortexM0\ARM_GCC_493\Debug\Cm0Start.o
 .ARM.attributes
                0x0000015a       0x31 .\CortexM0\ARM_GCC_493\Debug\Design01.a(cyfitter_cfg.o)
 .ARM.attributes
                0x0000018b       0x31 .\CortexM0\ARM_GCC_493\Debug\Design01.a(CyLib.o)
 .ARM.attributes
                0x000001bc       0x31 .\CortexM0\ARM_GCC_493\Debug\Design01.a(CyLFClk.o)
 .ARM.attributes
                0x000001ed       0x31 .\CortexM0\ARM_GCC_493\Debug\Design01.a(I2C_1.o)
 .ARM.attributes
                0x0000021e       0x31 .\CortexM0\ARM_GCC_493\Debug\Design01.a(I2C_1_I2C.o)
 .ARM.attributes
                0x0000024f       0x31 .\CortexM0\ARM_GCC_493\Debug\Design01.a(I2C_1_I2C_MASTER.o)
 .ARM.attributes
                0x00000280       0x31 .\CortexM0\ARM_GCC_493\Debug\Design01.a(I2C_1_sda.o)
 .ARM.attributes
                0x000002b1       0x31 .\CortexM0\ARM_GCC_493\Debug\Design01.a(I2C_1_scl.o)
 .ARM.attributes
                0x000002e2       0x31 .\CortexM0\ARM_GCC_493\Debug\Design01.a(PC_PSoC_UART.o)
 .ARM.attributes
                0x00000313       0x31 .\CortexM0\ARM_GCC_493\Debug\Design01.a(PC_PSoC_UART_UART.o)
 .ARM.attributes
                0x00000344       0x21 .\CortexM0\ARM_GCC_493\Debug\Design01.a(CyBootAsmGnu.o)
 .ARM.attributes
                0x00000365       0x31 .\CortexM0\ARM_GCC_493\Debug\Design01.a(I2C_1_I2C_INT.o)
 .ARM.attributes
                0x00000396       0x31 .\CortexM0\ARM_GCC_493\Debug\Design01.a(PC_PSoC_UART_SPI_UART.o)
 .ARM.attributes
                0x000003c7       0x1e c:/program files (x86)/cypress/psoc creator/3.3/psoc creator/import/gnu/arm/4.9.3/bin/../lib/gcc/arm-none-eabi/4.9.3/armv6-m\libgcc.a(_udivsi3.o)
 .ARM.attributes
                0x000003e5       0x1e c:/program files (x86)/cypress/psoc creator/3.3/psoc creator/import/gnu/arm/4.9.3/bin/../lib/gcc/arm-none-eabi/4.9.3/armv6-m\libgcc.a(_divsi3.o)
 .ARM.attributes
                0x00000403       0x1e c:/program files (x86)/cypress/psoc creator/3.3/psoc creator/import/gnu/arm/4.9.3/bin/../lib/gcc/arm-none-eabi/4.9.3/armv6-m\libgcc.a(_dvmd_tls.o)
 .ARM.attributes
                0x00000421       0x2c c:/program files (x86)/cypress/psoc creator/3.3/psoc creator/import/gnu/arm/4.9.3/bin/../lib/gcc/arm-none-eabi/4.9.3/../../../../arm-none-eabi/lib/armv6-m\libg_nano.a(lib_a-errno.o)
 .ARM.attributes
                0x0000044d       0x2c c:/program files (x86)/cypress/psoc creator/3.3/psoc creator/import/gnu/arm/4.9.3/bin/../lib/gcc/arm-none-eabi/4.9.3/../../../../arm-none-eabi/lib/armv6-m\libg_nano.a(lib_a-exit.o)
 .ARM.attributes
                0x00000479       0x2c c:/program files (x86)/cypress/psoc creator/3.3/psoc creator/import/gnu/arm/4.9.3/bin/../lib/gcc/arm-none-eabi/4.9.3/../../../../arm-none-eabi/lib/armv6-m\libg_nano.a(lib_a-impure.o)
 .ARM.attributes
                0x000004a5       0x2c c:/program files (x86)/cypress/psoc creator/3.3/psoc creator/import/gnu/arm/4.9.3/bin/../lib/gcc/arm-none-eabi/4.9.3/../../../../arm-none-eabi/lib/armv6-m\libg_nano.a(lib_a-init.o)
 .ARM.attributes
                0x000004d1       0x2c c:/program files (x86)/cypress/psoc creator/3.3/psoc creator/import/gnu/arm/4.9.3/bin/../lib/gcc/arm-none-eabi/4.9.3/../../../../arm-none-eabi/lib/armv6-m\libg_nano.a(lib_a-memset.o)
 .ARM.attributes
                0x000004fd       0x2c c:/program files (x86)/cypress/psoc creator/3.3/psoc creator/import/gnu/arm/4.9.3/bin/../lib/gcc/arm-none-eabi/4.9.3/../../../../arm-none-eabi/lib/armv6-m\libg_nano.a(lib_a-sprintf.o)
 .ARM.attributes
                0x00000529       0x2c c:/program files (x86)/cypress/psoc creator/3.3/psoc creator/import/gnu/arm/4.9.3/bin/../lib/gcc/arm-none-eabi/4.9.3/../../../../arm-none-eabi/lib/armv6-m\libg_nano.a(lib_a-nano-svfprintf.o)
 .ARM.attributes
                0x00000555       0x2c c:/program files (x86)/cypress/psoc creator/3.3/psoc creator/import/gnu/arm/4.9.3/bin/../lib/gcc/arm-none-eabi/4.9.3/../../../../arm-none-eabi/lib/armv6-m\libg_nano.a(lib_a-nano-vfprintf_i.o)
 .ARM.attributes
                0x00000581       0x2c c:/program files (x86)/cypress/psoc creator/3.3/psoc creator/import/gnu/arm/4.9.3/bin/../lib/gcc/arm-none-eabi/4.9.3/../../../../arm-none-eabi/lib/armv6-m\libg_nano.a(lib_a-memchr.o)
 .ARM.attributes
                0x000005ad       0x2c c:/program files (x86)/cypress/psoc creator/3.3/psoc creator/import/gnu/arm/4.9.3/bin/../lib/gcc/arm-none-eabi/4.9.3/../../../../arm-none-eabi/lib/armv6-m\libg_nano.a(lib_a-memcpy.o)
 .ARM.attributes
                0x000005d9       0x2c c:/program files (x86)/cypress/psoc creator/3.3/psoc creator/import/gnu/arm/4.9.3/bin/../lib/gcc/arm-none-eabi/4.9.3/../../../../arm-none-eabi/lib/armv6-m\libg_nano.a(lib_a-memmove.o)
 .ARM.attributes
                0x00000605       0x2c c:/program files (x86)/cypress/psoc creator/3.3/psoc creator/import/gnu/arm/4.9.3/bin/../lib/gcc/arm-none-eabi/4.9.3/../../../../arm-none-eabi/lib/armv6-m\libg_nano.a(lib_a-nano-freer.o)
 .ARM.attributes
                0x00000631       0x2c c:/program files (x86)/cypress/psoc creator/3.3/psoc creator/import/gnu/arm/4.9.3/bin/../lib/gcc/arm-none-eabi/4.9.3/../../../../arm-none-eabi/lib/armv6-m\libg_nano.a(lib_a-nano-mallocr.o)
 .ARM.attributes
                0x0000065d       0x2c c:/program files (x86)/cypress/psoc creator/3.3/psoc creator/import/gnu/arm/4.9.3/bin/../lib/gcc/arm-none-eabi/4.9.3/../../../../arm-none-eabi/lib/armv6-m\libg_nano.a(lib_a-nano-reallocr.o)
 .ARM.attributes
                0x00000689       0x2c c:/program files (x86)/cypress/psoc creator/3.3/psoc creator/import/gnu/arm/4.9.3/bin/../lib/gcc/arm-none-eabi/4.9.3/../../../../arm-none-eabi/lib/armv6-m\libg_nano.a(lib_a-sbrkr.o)
 .ARM.attributes
                0x000006b5       0x2c c:/program files (x86)/cypress/psoc creator/3.3/psoc creator/import/gnu/arm/4.9.3/bin/../lib/gcc/arm-none-eabi/4.9.3/../../../../arm-none-eabi/lib/armv6-m\libg_nano.a(lib_a-nano-msizer.o)
 .ARM.attributes
                0x000006e1       0x2c c:/program files (x86)/cypress/psoc creator/3.3/psoc creator/import/gnu/arm/4.9.3/bin/../lib/gcc/arm-none-eabi/4.9.3/../../../../arm-none-eabi/lib/armv6-m\libg_nano.a(lib_a-reent.o)
 .ARM.attributes
                0x0000070d       0x2c c:/program files (x86)/cypress/psoc creator/3.3/psoc creator/import/gnu/arm/4.9.3/bin/../lib/gcc/arm-none-eabi/4.9.3/armv6-m/crtend.o
 .ARM.attributes
                0x00000739       0x1e c:/program files (x86)/cypress/psoc creator/3.3/psoc creator/import/gnu/arm/4.9.3/bin/../lib/gcc/arm-none-eabi/4.9.3/armv6-m/crtn.o

/DISCARD/
 *(.note.GNU-stack)
OUTPUT(.\CortexM0\ARM_GCC_493\Debug\Design01.elf elf32-littlearm)
