Archive member included because of file (symbol)

.\CortexM0\ARM_GCC_493\Debug\Design01.a(cyfitter_cfg.o)
                              .\CortexM0\ARM_GCC_493\Debug\Cm0Start.o (cyfitter_cfg)
.\CortexM0\ARM_GCC_493\Debug\Design01.a(CyLib.o)
                              .\CortexM0\ARM_GCC_493\Debug\Design01.a(cyfitter_cfg.o) (CyIntEnable)
.\CortexM0\ARM_GCC_493\Debug\Design01.a(CyLFClk.o)
                              .\CortexM0\ARM_GCC_493\Debug\Design01.a(cyfitter_cfg.o) (CySysWdtIsr)
.\CortexM0\ARM_GCC_493\Debug\Design01.a(I2C_1.o)
                              .\CortexM0\ARM_GCC_493\Debug\functions.o (I2C_1_Start)
.\CortexM0\ARM_GCC_493\Debug\Design01.a(I2C_1_I2C.o)
                              .\CortexM0\ARM_GCC_493\Debug\Design01.a(I2C_1.o) (I2C_1_I2CInit)
.\CortexM0\ARM_GCC_493\Debug\Design01.a(I2C_1_I2C_MASTER.o)
                              .\CortexM0\ARM_GCC_493\Debug\Design01.a(I2C_1_I2C.o) (I2C_1_mstrRdBufIndex)
.\CortexM0\ARM_GCC_493\Debug\Design01.a(I2C_1_sda.o)
                              .\CortexM0\ARM_GCC_493\Debug\functions.o (I2C_1_sda_SetDriveMode)
.\CortexM0\ARM_GCC_493\Debug\Design01.a(I2C_1_scl.o)
                              .\CortexM0\ARM_GCC_493\Debug\functions.o (I2C_1_scl_SetDriveMode)
.\CortexM0\ARM_GCC_493\Debug\Design01.a(PC_PSoC_UART.o)
                              .\CortexM0\ARM_GCC_493\Debug\functions.o (PC_PSoC_UART_Start)
.\CortexM0\ARM_GCC_493\Debug\Design01.a(PC_PSoC_UART_UART.o)
                              .\CortexM0\ARM_GCC_493\Debug\Design01.a(PC_PSoC_UART.o) (PC_PSoC_UART_UartInit)
.\CortexM0\ARM_GCC_493\Debug\Design01.a(CyBootAsmGnu.o)
                              .\CortexM0\ARM_GCC_493\Debug\Design01.a(CyLib.o) (CyDelayCycles)
.\CortexM0\ARM_GCC_493\Debug\Design01.a(I2C_1_I2C_INT.o)
                              .\CortexM0\ARM_GCC_493\Debug\Design01.a(I2C_1_I2C.o) (I2C_1_I2C_ISR)
.\CortexM0\ARM_GCC_493\Debug\Design01.a(PC_PSoC_UART_SPI_UART.o)
                              .\CortexM0\ARM_GCC_493\Debug\Design01.a(PC_PSoC_UART_UART.o) (PC_PSoC_UART_SpiUartReadRxData)
c:/program files (x86)/cypress/psoc creator/3.3/psoc creator/import/gnu/arm/4.9.3/bin/../lib/gcc/arm-none-eabi/4.9.3/armv6-m\libgcc.a(_udivsi3.o)
                              .\CortexM0\ARM_GCC_493\Debug\functions.o (__aeabi_uidiv)
c:/program files (x86)/cypress/psoc creator/3.3/psoc creator/import/gnu/arm/4.9.3/bin/../lib/gcc/arm-none-eabi/4.9.3/armv6-m\libgcc.a(_divsi3.o)
                              .\CortexM0\ARM_GCC_493\Debug\functions.o (__aeabi_idiv)
c:/program files (x86)/cypress/psoc creator/3.3/psoc creator/import/gnu/arm/4.9.3/bin/../lib/gcc/arm-none-eabi/4.9.3/armv6-m\libgcc.a(_dvmd_tls.o)
                              c:/program files (x86)/cypress/psoc creator/3.3/psoc creator/import/gnu/arm/4.9.3/bin/../lib/gcc/arm-none-eabi/4.9.3/armv6-m\libgcc.a(_udivsi3.o) (__aeabi_idiv0)
c:/program files (x86)/cypress/psoc creator/3.3/psoc creator/import/gnu/arm/4.9.3/bin/../lib/gcc/arm-none-eabi/4.9.3/../../../../arm-none-eabi/lib/armv6-m\libg_nano.a(lib_a-errno.o)
                              .\CortexM0\ARM_GCC_493\Debug\Cm0Start.o (__errno)
c:/program files (x86)/cypress/psoc creator/3.3/psoc creator/import/gnu/arm/4.9.3/bin/../lib/gcc/arm-none-eabi/4.9.3/../../../../arm-none-eabi/lib/armv6-m\libg_nano.a(lib_a-exit.o)
                              c:/program files (x86)/cypress/psoc creator/3.3/psoc creator/import/gnu/arm/4.9.3/bin/../lib/gcc/arm-none-eabi/4.9.3/../../../../arm-none-eabi/lib/armv6-m/crt0.o (exit)
c:/program files (x86)/cypress/psoc creator/3.3/psoc creator/import/gnu/arm/4.9.3/bin/../lib/gcc/arm-none-eabi/4.9.3/../../../../arm-none-eabi/lib/armv6-m\libg_nano.a(lib_a-impure.o)
                              c:/program files (x86)/cypress/psoc creator/3.3/psoc creator/import/gnu/arm/4.9.3/bin/../lib/gcc/arm-none-eabi/4.9.3/../../../../arm-none-eabi/lib/armv6-m\libg_nano.a(lib_a-exit.o) (_global_impure_ptr)
c:/program files (x86)/cypress/psoc creator/3.3/psoc creator/import/gnu/arm/4.9.3/bin/../lib/gcc/arm-none-eabi/4.9.3/../../../../arm-none-eabi/lib/armv6-m\libg_nano.a(lib_a-init.o)
                              c:/program files (x86)/cypress/psoc creator/3.3/psoc creator/import/gnu/arm/4.9.3/bin/../lib/gcc/arm-none-eabi/4.9.3/../../../../arm-none-eabi/lib/armv6-m/crt0.o (__libc_init_array)
c:/program files (x86)/cypress/psoc creator/3.3/psoc creator/import/gnu/arm/4.9.3/bin/../lib/gcc/arm-none-eabi/4.9.3/../../../../arm-none-eabi/lib/armv6-m\libg_nano.a(lib_a-malloc.o)
                              .\CortexM0\ARM_GCC_493\Debug\main.o (malloc)
c:/program files (x86)/cypress/psoc creator/3.3/psoc creator/import/gnu/arm/4.9.3/bin/../lib/gcc/arm-none-eabi/4.9.3/../../../../arm-none-eabi/lib/armv6-m\libg_nano.a(lib_a-memset.o)
                              c:/program files (x86)/cypress/psoc creator/3.3/psoc creator/import/gnu/arm/4.9.3/bin/../lib/gcc/arm-none-eabi/4.9.3/../../../../arm-none-eabi/lib/armv6-m/crt0.o (memset)
[...]
Memory Configuration

Name             Origin             Length             Attributes
rom              0x00000000         0x00008000         xr
ram              0x20000000         0x00001000         xrw
*default*        0x00000000         0xffffffff

Linker script and memory map

LOAD c:/program files (x86)/cypress/psoc creator/3.3/psoc creator/import/gnu/arm/4.9.3/bin/../lib/gcc/arm-none-eabi/4.9.3/armv6-m/crti.o
LOAD c:/program files (x86)/cypress/psoc creator/3.3/psoc creator/import/gnu/arm/4.9.3/bin/../lib/gcc/arm-none-eabi/4.9.3/armv6-m/crtbegin.o
LOAD c:/program files (x86)/cypress/psoc creator/3.3/psoc creator/import/gnu/arm/4.9.3/bin/../lib/gcc/arm-none-eabi/4.9.3/../../../../arm-none-eabi/lib/armv6-m/crt0.o
START GROUP
LOAD .\CortexM0\ARM_GCC_493\Debug\main.o
LOAD .\CortexM0\ARM_GCC_493\Debug\functions.o
LOAD .\CortexM0\ARM_GCC_493\Debug\cymetadata.o
LOAD .\CortexM0\ARM_GCC_493\Debug\Cm0Start.o
LOAD .\CortexM0\ARM_GCC_493\Debug\Design01.a
LOAD C:\Program Files (x86)\Cypress\PSoC Creator\3.3\PSoC Creator\psoc\content\cycomponentlibrary\CyComponentLibrary.cylib\CortexM0\ARM_GCC_493\Debug\CyComponentLibrary.a
END GROUP
START GROUP
LOAD c:/program files (x86)/cypress/psoc creator/3.3/psoc creator/import/gnu/arm/4.9.3/bin/../lib/gcc/arm-none-eabi/4.9.3/armv6-m\libgcc.a
LOAD c:/program files (x86)/cypress/psoc creator/3.3/psoc creator/import/gnu/arm/4.9.3/bin/../lib/gcc/arm-none-eabi/4.9.3/../../../../arm-none-eabi/lib/armv6-m\libg_nano.a
LOAD c:/program files (x86)/cypress/psoc creator/3.3/psoc creator/import/gnu/arm/4.9.3/bin/../lib/gcc/arm-none-eabi/4.9.3/../../../../arm-none-eabi/lib/armv6-m\libc_nano.a
END GROUP
START GROUP
LOAD c:/program files (x86)/cypress/psoc creator/3.3/psoc creator/import/gnu/arm/4.9.3/bin/../lib/gcc/arm-none-eabi/4.9.3/armv6-m\libgcc.a
LOAD c:/program files (x86)/cypress/psoc creator/3.3/psoc creator/import/gnu/arm/4.9.3/bin/../lib/gcc/arm-none-eabi/4.9.3/../../../../arm-none-eabi/lib/armv6-m\libc_nano.a
END GROUP
LOAD c:/program files (x86)/cypress/psoc creator/3.3/psoc creator/import/gnu/arm/4.9.3/bin/../lib/gcc/arm-none-eabi/4.9.3/armv6-m/crtend.o
LOAD c:/program files (x86)/cypress/psoc creator/3.3/psoc creator/import/gnu/arm/4.9.3/bin/../lib/gcc/arm-none-eabi/4.9.3/armv6-m/crtn.o
START GROUP
LOAD c:/program files (x86)/cypress/psoc creator/3.3/psoc creator/import/gnu/arm/4.9.3/bin/../lib/gcc/arm-none-eabi/4.9.3/armv6-m\libgcc.a
LOAD c:/program files (x86)/cypress/psoc creator/3.3/psoc creator/import/gnu/arm/4.9.3/bin/../lib/gcc/arm-none-eabi/4.9.3/../../../../arm-none-eabi/lib/armv6-m\libc.a
LOAD c:/program files (x86)/cypress/psoc creator/3.3/psoc creator/import/gnu/arm/4.9.3/bin/../lib/gcc/arm-none-eabi/4.9.3/../../../../arm-none-eabi/lib/armv6-m\libnosys.a
END GROUP
                0x00000000                CY_APPL_ORIGIN = 0x0
                0x00000080                CY_FLASH_ROW_SIZE = 0x80
                0x00000001                CY_APPL_NUM = 0x1
                0x00000001                CY_APPL_MAX = 0x1
                0x00000040                CY_METADATA_SIZE = 0x40
                0x00000000                CY_APPL_LOADABLE = 0x0
                0x00000000                CY_CHECKSUM_EXCLUDE_SIZE = ALIGN (0x0, CY_FLASH_ROW_SIZE)
                0x00000000                CY_APP_FOR_STACK_AND_COPIER = 0x0
                0x200001c0                PROVIDE (__cy_heap_start, _end)
                0x00000001                PROVIDE (__cy_region_num, ((__cy_regions_end - __cy_regions) / 0x10))
                0x20001000                PROVIDE (__cy_stack, (ORIGIN (ram) + 0x1000))
                0x20000c00                PROVIDE (__cy_heap_end, (__cy_stack - 0x400))

.cybootloader   0x00000000        0x0
 *(.cybootloader)
                0x00000000                appl1_start = CY_APPL_ORIGIN?CY_APPL_ORIGIN:ALIGN (CY_FLASH_ROW_SIZE)
                0x00003f80                appl2_start = (appl1_start + ALIGN ((((0x8000 - appl1_start) - (0x2 * CY_FLASH_ROW_SIZE)) / 0x2), CY_FLASH_ROW_SIZE))
                0x00000000                appl_start = (CY_APPL_NUM == 0x1)?appl1_start:appl2_start
                0x00000001                cy_project_type_bootloader = (appl_start == 0x0)?0x1:0x0
                0x00000000                cy_project_type_app_for_stack_and_copier = (CY_APP_FOR_STACK_AND_COPIER == 0x1)?0x1:0x0

.text           0x00000000     0x1d52
 CREATE_OBJECT_SYMBOLS
                0x00000000                PROVIDE (__cy_interrupt_vector, RomVectors)
 *(.romvectors)
 .romvectors    0x00000000       0x10 .\CortexM0\ARM_GCC_493\Debug\Cm0Start.o
                0x00000000                RomVectors
                0x00000001                ASSERT ((. != __cy_interrupt_vector), No interrupt vector)
                0x00000001                ASSERT (CY_APPL_ORIGIN?(SIZEOF (.cybootloader) <= CY_APPL_ORIGIN):0x1, Wrong image location)
                0x00000010                PROVIDE (__cy_reset, Reset)
 *(.text.Reset)
 .text.Reset    0x00000010        0x8 .\CortexM0\ARM_GCC_493\Debug\Cm0Start.o
                0x00000010                Reset
                0x00000001                ASSERT ((. != __cy_reset), No reset code)
 *(.psocinit)
 .psocinit      0x00000018      0x148 .\CortexM0\ARM_GCC_493\Debug\Design01.a(cyfitter_cfg.o)
                0x000000a8                cyfitter_cfg
                0x00000160                . = MAX (., 0x100)
 *(.text .text.* .gnu.linkonce.t.*)
 .text          0x00000160       0x60 c:/program files (x86)/cypress/psoc creator/3.3/psoc creator/import/gnu/arm/4.9.3/bin/../lib/gcc/arm-none-eabi/4.9.3/armv6-m/crtbegin.o
 .text.main     0x000001c0       0x7c .\CortexM0\ARM_GCC_493\Debug\main.o
                0x000001c0                main
 .text.sys_init
                0x0000023c       0x18 .\CortexM0\ARM_GCC_493\Debug\functions.o
                0x0000023c                sys_init
 .text.mpu_init
                0x00000254       0x10 .\CortexM0\ARM_GCC_493\Debug\functions.o
                0x00000254                mpu_init
 .text.WriteI2CData
                0x00000264       0x24 .\CortexM0\ARM_GCC_493\Debug\functions.o
                0x00000264                WriteI2CData
 .text.ReadI2CData
                0x00000288       0x4c .\CortexM0\ARM_GCC_493\Debug\functions.o
                0x00000288                ReadI2CData
 .text.ReadI2CBytes
                0x000002d4       0x24 .\CortexM0\ARM_GCC_493\Debug\functions.o
                0x000002d4                ReadI2CBytes
 .text.calibrateMPU9150
                0x000002f8      0x124 .\CortexM0\ARM_GCC_493\Debug\functions.o
                0x000002f8                calibrateMPU9150
 .text.IntDefaultHandler
                0x0000041c        0x4 .\CortexM0\ARM_GCC_493\Debug\Cm0Start.o
                0x0000041c                IntDefaultHandler
 .text._sbrk    0x00000420       0x30 .\CortexM0\ARM_GCC_493\Debug\Cm0Start.o
                0x00000420                _sbrk
 .text.Start_c  0x00000450       0x48 .\CortexM0\ARM_GCC_493\Debug\Cm0Start.o
                0x00000450                Start_c
 .text.initialize_psoc
                0x00000498       0x48 .\CortexM0\ARM_GCC_493\Debug\Cm0Start.o
                0x00000498                initialize_psoc
 .text.CYMEMZERO
                0x000004e0        0xc .\CortexM0\ARM_GCC_493\Debug\Design01.a(cyfitter_cfg.o)
 .text.CyIntEnable
                0x000004ec       0x14 .\CortexM0\ARM_GCC_493\Debug\Design01.a(CyLib.o)
                0x000004ec                CyIntEnable
 .text.CyIntDisable
                0x00000500       0x14 .\CortexM0\ARM_GCC_493\Debug\Design01.a(CyLib.o)
                0x00000500                CyIntDisable
 .text.CyHalt   0x00000514        0x4 .\CortexM0\ARM_GCC_493\Debug\Design01.a(CyLib.o)
                0x00000514                CyHalt
 .text.CyIntSetVector
                0x00000518       0x24 .\CortexM0\ARM_GCC_493\Debug\Design01.a(CyLib.o)
                0x00000518                CyIntSetVector
 .text.CyIntSetPriority
                0x0000053c       0x4c .\CortexM0\ARM_GCC_493\Debug\Design01.a(CyLib.o)
                0x0000053c                CyIntSetPriority
 .text.CyDelay  0x00000588       0x30 .\CortexM0\ARM_GCC_493\Debug\Design01.a(CyLib.o)
                0x00000588                CyDelay
 .text.CyDelayUs
                0x000005b8       0x14 .\CortexM0\ARM_GCC_493\Debug\Design01.a(CyLib.o)
                0x000005b8                CyDelayUs
 .text.CySysClkWriteImoFreq
                0x000005cc      0x164 .\CortexM0\ARM_GCC_493\Debug\Design01.a(CyLib.o)
                0x000005cc                CySysClkWriteImoFreq
 .text.CySysWdtLocked
                0x00000730       0x14 .\CortexM0\ARM_GCC_493\Debug\Design01.a(CyLFClk.o)
 .text.CySysWdtLock
                0x00000744       0x1c .\CortexM0\ARM_GCC_493\Debug\Design01.a(CyLFClk.o)
                0x00000744                CySysWdtLock
 .text.CySysWdtUnlock
                0x00000760       0x30 .\CortexM0\ARM_GCC_493\Debug\Design01.a(CyLFClk.o)
                0x00000760                CySysWdtUnlock
 .text.CySysWdtClearInterrupt
                0x00000790       0x4c .\CortexM0\ARM_GCC_493\Debug\Design01.a(CyLFClk.o)
                0x00000790                CySysWdtClearInterrupt
 .text.CySysWdtIsr
                0x000007dc       0xa4 .\CortexM0\ARM_GCC_493\Debug\Design01.a(CyLFClk.o)
                0x000007dc                CySysWdtIsr
 .text.I2C_1_ScbEnableIntr
                0x00000880        0xc .\CortexM0\ARM_GCC_493\Debug\Design01.a(I2C_1.o)
 .text.I2C_1_Init
                0x0000088c        0x8 .\CortexM0\ARM_GCC_493\Debug\Design01.a(I2C_1.o)
                0x0000088c                I2C_1_Init
 .text.I2C_1_Enable
                0x00000894       0x18 .\CortexM0\ARM_GCC_493\Debug\Design01.a(I2C_1.o)
                0x00000894                I2C_1_Enable
 .text.I2C_1_Start
                0x000008ac       0x20 .\CortexM0\ARM_GCC_493\Debug\Design01.a(I2C_1.o)
                0x000008ac                I2C_1_Start
 .text.I2C_1_I2CInit
                0x000008cc       0xcc .\CortexM0\ARM_GCC_493\Debug\Design01.a(I2C_1_I2C.o)
                0x000008cc                I2C_1_I2CInit
 .text.I2C_1_I2CMasterStatus
                0x00000998       0x30 .\CortexM0\ARM_GCC_493\Debug\Design01.a(I2C_1_I2C_MASTER.o)
                0x00000998                I2C_1_I2CMasterStatus
 .text.I2C_1_I2CMasterClearStatus
                0x000009c8       0x20 .\CortexM0\ARM_GCC_493\Debug\Design01.a(I2C_1_I2C_MASTER.o)
                0x000009c8                I2C_1_I2CMasterClearStatus
 .text.I2C_1_I2CReStartGeneration
                0x000009e8       0x90 .\CortexM0\ARM_GCC_493\Debug\Design01.a(I2C_1_I2C_MASTER.o)
                0x000009e8                I2C_1_I2CReStartGeneration
 .text.I2C_1_I2CMasterWriteBuf
                0x00000a78       0xec .\CortexM0\ARM_GCC_493\Debug\Design01.a(I2C_1_I2C_MASTER.o)
                0x00000a78                I2C_1_I2CMasterWriteBuf
 .text.I2C_1_I2CMasterReadBuf
                0x00000b64       0xfc .\CortexM0\ARM_GCC_493\Debug\Design01.a(I2C_1_I2C_MASTER.o)
                0x00000b64                I2C_1_I2CMasterReadBuf
 .text.I2C_1_sda_SetDriveMode
                0x00000c60       0x14 .\CortexM0\ARM_GCC_493\Debug\Design01.a(I2C_1_sda.o)
                0x00000c60                I2C_1_sda_SetDriveMode
 .text.I2C_1_sda_Read
                0x00000c74       0x10 .\CortexM0\ARM_GCC_493\Debug\Design01.a(I2C_1_sda.o)
                0x00000c74                I2C_1_sda_Read
 .text.I2C_1_scl_SetDriveMode
                0x00000c84       0x14 .\CortexM0\ARM_GCC_493\Debug\Design01.a(I2C_1_scl.o)
                0x00000c84                I2C_1_scl_SetDriveMode
 .text.I2C_1_scl_Write
                0x00000c98       0x18 .\CortexM0\ARM_GCC_493\Debug\Design01.a(I2C_1_scl.o)
                0x00000c98                I2C_1_scl_Write
 .text.I2C_1_scl_Read
                0x00000cb0       0x10 .\CortexM0\ARM_GCC_493\Debug\Design01.a(I2C_1_scl.o)
                0x00000cb0                I2C_1_scl_Read
 .text.PC_PSoC_UART_ScbModePostEnable
                0x00000cc0        0x8 .\CortexM0\ARM_GCC_493\Debug\Design01.a(PC_PSoC_UART.o)
 .text.PC_PSoC_UART_Init
                0x00000cc8        0x8 .\CortexM0\ARM_GCC_493\Debug\Design01.a(PC_PSoC_UART.o)
                0x00000cc8                PC_PSoC_UART_Init
 .text.PC_PSoC_UART_Enable
                0x00000cd0       0x18 .\CortexM0\ARM_GCC_493\Debug\Design01.a(PC_PSoC_UART.o)
                0x00000cd0                PC_PSoC_UART_Enable
 .text.PC_PSoC_UART_Start
                0x00000ce8       0x20 .\CortexM0\ARM_GCC_493\Debug\Design01.a(PC_PSoC_UART.o)
                0x00000ce8                PC_PSoC_UART_Start
 .text.PC_PSoC_UART_UartInit
                0x00000d08       0x98 .\CortexM0\ARM_GCC_493\Debug\Design01.a(PC_PSoC_UART_UART.o)
                0x00000d08                PC_PSoC_UART_UartInit
 .text.PC_PSoC_UART_UartPostEnable
                0x00000da0       0x24 .\CortexM0\ARM_GCC_493\Debug\Design01.a(PC_PSoC_UART_UART.o)
                0x00000da0                PC_PSoC_UART_UartPostEnable
 .text.PC_PSoC_UART_UartPutString
                0x00000dc4       0x18 .\CortexM0\ARM_GCC_493\Debug\Design01.a(PC_PSoC_UART_UART.o)
                0x00000dc4                PC_PSoC_UART_UartPutString
 *fill*         0x00000ddc        0x4 
 .text          0x00000de0       0x28 .\CortexM0\ARM_GCC_493\Debug\Design01.a(CyBootAsmGnu.o)
                0x00000de0                CyDelayCycles
                0x00000df4                CyEnterCriticalSection
                0x00000dfc                CyExitCriticalSection
 .text.I2C_1_I2C_ISR
                0x00000e08      0x3a0 .\CortexM0\ARM_GCC_493\Debug\Design01.a(I2C_1_I2C_INT.o)
                0x00000e08                I2C_1_I2C_ISR
 .text.PC_PSoC_UART_SpiUartWriteTxData
                0x000011a8       0x1c .\CortexM0\ARM_GCC_493\Debug\Design01.a(PC_PSoC_UART_SPI_UART.o)
                0x000011a8                PC_PSoC_UART_SpiUartWriteTxData
 .text          0x000011c4      0x120 c:/program files (x86)/cypress/psoc creator/3.3/psoc creator/import/gnu/arm/4.9.3/bin/../lib/gcc/arm-none-eabi/4.9.3/armv6-m\libgcc.a(_udivsi3.o)
                0x000011c4                __aeabi_uidiv
                0x000011c4                __udivsi3
                0x000012d0                __aeabi_uidivmod
 .text          0x000012e4      0x1e0 c:/program files (x86)/cypress/psoc creator/3.3/psoc creator/import/gnu/arm/4.9.3/bin/../lib/gcc/arm-none-eabi/4.9.3/armv6-m\libgcc.a(_divsi3.o)
                0x000012e4                __divsi3
                0x000012e4                __aeabi_idiv
                0x000014b0                __aeabi_idivmod
 .text          0x000014c4        0x4 c:/program files (x86)/cypress/psoc creator/3.3/psoc creator/import/gnu/arm/4.9.3/bin/../lib/gcc/arm-none-eabi/4.9.3/armv6-m\libgcc.a(_dvmd_tls.o)
                0x000014c4                __aeabi_idiv0
                0x000014c4                __aeabi_ldiv0
 .text.__errno  0x000014c8        0xc c:/program files (x86)/cypress/psoc creator/3.3/psoc creator/import/gnu/arm/4.9.3/bin/../lib/gcc/arm-none-eabi/4.9.3/../../../../arm-none-eabi/lib/armv6-m\libg_nano.a(lib_a-errno.o)
                0x000014c8                __errno
 .text.__libc_init_array
                0x000014d4       0x4c c:/program files (x86)/cypress/psoc creator/3.3/psoc creator/import/gnu/arm/4.9.3/bin/../lib/gcc/arm-none-eabi/4.9.3/../../../../arm-none-eabi/lib/armv6-m\libg_nano.a(lib_a-init.o)
                0x000014d4                __libc_init_array
 .text.malloc   0x00001520       0x14 c:/program files (x86)/cypress/psoc creator/3.3/psoc creator/import/gnu/arm/4.9.3/bin/../lib/gcc/arm-none-eabi/4.9.3/../../../../arm-none-eabi/lib/armv6-m\libg_nano.a(lib_a-malloc.o)
                0x00001520                malloc
 .text.memset   0x00001534       0x10 c:/program files (x86)/cypress/psoc creator/3.3/psoc creator/import/gnu/arm/4.9.3/bin/../lib/gcc/arm-none-eabi/4.9.3/../../../../arm-none-eabi/lib/armv6-m\libg_nano.a(lib_a-memset.o)
                0x00001534                memset
 .text._free_r  0x00001544       0x8c c:/program files (x86)/cypress/psoc creator/3.3/psoc creator/import/gnu/arm/4.9.3/bin/../lib/gcc/arm-none-eabi/4.9.3/../../../../arm-none-eabi/lib/armv6-m\libg_nano.a(lib_a-nano-freer.o)
                0x00001544                _free_r
 .text._malloc_r
                0x000015d0       0xb0 c:/program files (x86)/cypress/psoc creator/3.3/psoc creator/import/gnu/arm/4.9.3/bin/../lib/gcc/arm-none-eabi/4.9.3/../../../../arm-none-eabi/lib/armv6-m\libg_nano.a(lib_a-nano-mallocr.o)
                0x000015d0                _malloc_r
 .text._sbrk_r  0x00001680       0x24 c:/program files (x86)/cypress/psoc creator/3.3/psoc creator/import/gnu/arm/4.9.3/bin/../lib/gcc/arm-none-eabi/4.9.3/../../../../arm-none-eabi/lib/armv6-m\libg_nano.a(lib_a-sbrkr.o)
                0x00001680                _sbrk_r
 .text.sprintf  0x000016a4       0x44 c:/program files (x86)/cypress/psoc creator/3.3/psoc creator/import/gnu/arm/4.9.3/bin/../lib/gcc/arm-none-eabi/4.9.3/../../../../arm-none-eabi/lib/armv6-m\libg_nano.a(lib_a-sprintf.o)
                0x000016a4                siprintf
                0x000016a4                sprintf
 .text.__ssputs_r
                0x000016e8       0xc0 c:/program files (x86)/cypress/psoc creator/3.3/psoc creator/import/gnu/arm/4.9.3/bin/../lib/gcc/arm-none-eabi/4.9.3/../../../../arm-none-eabi/lib/armv6-m\libg_nano.a(lib_a-nano-svfprintf.o)
                0x000016e8                __ssputs_r
 .text._svfprintf_r
                0x000017a8      0x1ec c:/program files (x86)/cypress/psoc creator/3.3/psoc creator/import/gnu/arm/4.9.3/bin/../lib/gcc/arm-none-eabi/4.9.3/../../../../arm-none-eabi/lib/armv6-m\libg_nano.a(lib_a-nano-svfprintf.o)
                0x000017a8                _svfiprintf_r
                0x000017a8                _svfprintf_r
 .text._printf_common
                0x00001994       0xdc c:/program files (x86)/cypress/psoc creator/3.3/psoc creator/import/gnu/arm/4.9.3/bin/../lib/gcc/arm-none-eabi/4.9.3/../../../../arm-none-eabi/lib/armv6-m\libg_nano.a(lib_a-nano-vfprintf_i.o)
                0x00001994                _printf_common
 .text._printf_i
                0x00001a70      0x230 c:/program files (x86)/cypress/psoc creator/3.3/psoc creator/import/gnu/arm/4.9.3/bin/../lib/gcc/arm-none-eabi/4.9.3/../../../../arm-none-eabi/lib/armv6-m\libg_nano.a(lib_a-nano-vfprintf_i.o)
                0x00001a70                _printf_i
 .text.memchr   0x00001ca0       0x16 c:/program files (x86)/cypress/psoc creator/3.3/psoc creator/import/gnu/arm/4.9.3/bin/../lib/gcc/arm-none-eabi/4.9.3/../../../../arm-none-eabi/lib/armv6-m\libg_nano.a(lib_a-memchr.o)
                0x00001ca0                memchr
 .text.memcpy   0x00001cb6       0x12 c:/program files (x86)/cypress/psoc creator/3.3/psoc creator/import/gnu/arm/4.9.3/bin/../lib/gcc/arm-none-eabi/4.9.3/../../../../arm-none-eabi/lib/armv6-m\libg_nano.a(lib_a-memcpy.o)
                0x00001cb6                memcpy
 .text.memmove  0x00001cc8       0x28 c:/program files (x86)/cypress/psoc creator/3.3/psoc creator/import/gnu/arm/4.9.3/bin/../lib/gcc/arm-none-eabi/4.9.3/../../../../arm-none-eabi/lib/armv6-m\libg_nano.a(lib_a-memmove.o)
                0x00001cc8                memmove
 .text._realloc_r
                0x00001cf0       0x4c c:/program files (x86)/cypress/psoc creator/3.3/psoc creator/import/gnu/arm/4.9.3/bin/../lib/gcc/arm-none-eabi/4.9.3/../../../../arm-none-eabi/lib/armv6-m\libg_nano.a(lib_a-nano-reallocr.o)
                0x00001cf0                _realloc_r
 .text._malloc_usable_size_r
                0x00001d3c       0x16 c:/program files (x86)/cypress/psoc creator/3.3/psoc creator/import/gnu/arm/4.9.3/bin/../lib/gcc/arm-none-eabi/4.9.3/../../../../arm-none-eabi/lib/armv6-m\libg_nano.a(lib_a-nano-msizer.o)
                0x00001d3c                _malloc_usable_size_r
 *(.plt)
 *(.gnu.warning)
 *(.glue_7t)
 .glue_7t       0x00000000        0x0 linker stubs
 *(.glue_7)
 .glue_7        0x00000000        0x0 linker stubs
 *(.vfp11_veneer)
 .vfp11_veneer  0x00000000        0x0 linker stubs
 *(.bootloader)
 *(.ARM.extab* .gnu.linkonce.armextab.*)
 *(.gcc_except_table)

.v4_bx          0x00001d54        0x0
 .v4_bx         0x00000000        0x0 linker stubs

.iplt           0x00001d54        0x0
 .iplt          0x00000000        0x0 c:/program files (x86)/cypress/psoc creator/3.3/psoc creator/import/gnu/arm/4.9.3/bin/../lib/gcc/arm-none-eabi/4.9.3/armv6-m/crtbegin.o

.eh_frame_hdr
 *(.eh_frame_hdr)

.eh_frame       0x00001d54        0x4
 *(.eh_frame)
 .eh_frame      0x00001d54        0x0 c:/program files (x86)/cypress/psoc creator/3.3/psoc creator/import/gnu/arm/4.9.3/bin/../lib/gcc/arm-none-eabi/4.9.3/armv6-m/crtbegin.o
 .eh_frame      0x00001d54        0x4 c:/program files (x86)/cypress/psoc creator/3.3/psoc creator/import/gnu/arm/4.9.3/bin/../lib/gcc/arm-none-eabi/4.9.3/armv6-m/crtend.o
                0x00001d58                PROVIDE (__exidx_start, .)

.ARM.exidx
 *(.ARM.exidx* .gnu.linkonce.armexidx.*)
                0x00001d58                __exidx_end = .

.rodata         0x00001d58       0xb0
 *(.rodata .rodata.* .gnu.linkonce.r.*)
 .rodata.str1.4
                0x00001d58        0x4 .\CortexM0\ARM_GCC_493\Debug\main.o
 .rodata        0x00001d5c        0xc .\CortexM0\ARM_GCC_493\Debug\Design01.a(cyfitter_cfg.o)
 .rodata        0x00001d68       0x30 .\CortexM0\ARM_GCC_493\Debug\Design01.a(CyLib.o)
                0x00001d68                cyImoFreqMhz2Reg
 .rodata.str1.1
                0x00001d98        0x2 c:/program files (x86)/cypress/psoc creator/3.3/psoc creator/import/gnu/arm/4.9.3/bin/../lib/gcc/arm-none-eabi/4.9.3/../../../../arm-none-eabi/lib/armv6-m\libg_nano.a(lib_a-impure.o)
 .rodata.str1.1
                0x00001d9a       0x11 c:/program files (x86)/cypress/psoc creator/3.3/psoc creator/import/gnu/arm/4.9.3/bin/../lib/gcc/arm-none-eabi/4.9.3/../../../../arm-none-eabi/lib/armv6-m\libg_nano.a(lib_a-nano-svfprintf.o)
 .rodata.str1.1
                0x00001dab       0x22 c:/program files (x86)/cypress/psoc creator/3.3/psoc creator/import/gnu/arm/4.9.3/bin/../lib/gcc/arm-none-eabi/4.9.3/../../../../arm-none-eabi/lib/armv6-m\libg_nano.a(lib_a-nano-vfprintf_i.o)
                0x00001dd0                . = ALIGN (0x4)
 *fill*         0x00001dcd        0x3 
 *(.init)
 .init          0x00001dd0        0x4 c:/program files (x86)/cypress/psoc creator/3.3/psoc creator/import/gnu/arm/4.9.3/bin/../lib/gcc/arm-none-eabi/4.9.3/armv6-m/crti.o
                0x00001dd0                _init
 .init          0x00001dd4        0x8 c:/program files (x86)/cypress/psoc creator/3.3/psoc creator/import/gnu/arm/4.9.3/bin/../lib/gcc/arm-none-eabi/4.9.3/armv6-m/crtn.o
                0x00001ddc                . = ALIGN (0x4)
                0x00001ddc                __preinit_array_start = .
 *(.preinit_array)
                0x00001ddc                __preinit_array_end = .
                0x00001ddc                . = ALIGN (0x4)
                0x00001ddc                __init_array_start = .
 *(SORT(.init_array.*))
 *(.init_array)
 .init_array    0x00001ddc        0x4 c:/program files (x86)/cypress/psoc creator/3.3/psoc creator/import/gnu/arm/4.9.3/bin/../lib/gcc/arm-none-eabi/4.9.3/armv6-m/crtbegin.o
 .init_array    0x00001de0        0x4 .\CortexM0\ARM_GCC_493\Debug\Cm0Start.o
                0x00001de4                __init_array_end = .
                0x00001de4                . = ALIGN (0x4)
 *(.fini)
 .fini          0x00001de4        0x4 c:/program files (x86)/cypress/psoc creator/3.3/psoc creator/import/gnu/arm/4.9.3/bin/../lib/gcc/arm-none-eabi/4.9.3/armv6-m/crti.o
                0x00001de4                _fini
 .fini          0x00001de8        0x8 c:/program files (x86)/cypress/psoc creator/3.3/psoc creator/import/gnu/arm/4.9.3/bin/../lib/gcc/arm-none-eabi/4.9.3/armv6-m/crtn.o
                0x00001df0                . = ALIGN (0x4)
                0x00001df0                __fini_array_start = .
 *(.fini_array)
 .fini_array    0x00001df0        0x4 c:/program files (x86)/cypress/psoc creator/3.3/psoc creator/import/gnu/arm/4.9.3/bin/../lib/gcc/arm-none-eabi/4.9.3/armv6-m/crtbegin.o
 *(SORT(.fini_array.*))
                0x00001df4                __fini_array_end = .
                0x00001df4                . = ALIGN (0x4)
 *crtbegin.o(.ctors)
 *(EXCLUDE_FILE(*crtend.o) .ctors)
 *(SORT(.ctors.*))
 *crtend.o(.ctors)
                0x00001df4                . = ALIGN (0x4)
 *crtbegin.o(.dtors)
 *(EXCLUDE_FILE(*crtend.o) .dtors)
 *(SORT(.dtors.*))
 *crtend.o(.dtors)
                0x00001df4                . = ALIGN (0x4)
                0x00001df4                __cy_regions = .
                0x00001df4        0x4 LONG 0x1e08 __cy_region_init_ram
                0x00001df8        0x4 LONG 0x200000c8 __cy_region_start_data
                0x00001dfc        0x4 LONG 0x80 __cy_region_init_size_ram
                0x00001e00        0x4 LONG 0x78 __cy_region_zero_size_ram
                0x00001e04                __cy_regions_end = .
                0x00001e08                . = ALIGN (0x8)
 *fill*         0x00001e04        0x4 
                0x00001e08                _etext = .

.cy_checksum_exclude
                0x00001e08        0x0
 *(.cy_checksum_exclude)

.ramvectors     0x20000000       0xc0
                0x20000000                __cy_region_start_ram = .
 *(.ramvectors)
 .ramvectors    0x20000000       0xc0 .\CortexM0\ARM_GCC_493\Debug\Cm0Start.o
                0x20000000                CyRamVectors

.noinit         0x200000c0        0x4
 *(.noinit)
 .noinit        0x200000c0        0x4 .\CortexM0\ARM_GCC_493\Debug\Cm0Start.o

.data           0x200000c8       0x80 load address 0x00001e08
                0x200000c8                __cy_region_start_data = .
 *(.jcr)
 .jcr           0x200000c8        0x0 c:/program files (x86)/cypress/psoc creator/3.3/psoc creator/import/gnu/arm/4.9.3/bin/../lib/gcc/arm-none-eabi/4.9.3/armv6-m/crtbegin.o
 .jcr           0x200000c8        0x4 c:/program files (x86)/cypress/psoc creator/3.3/psoc creator/import/gnu/arm/4.9.3/bin/../lib/gcc/arm-none-eabi/4.9.3/armv6-m/crtend.o
 *(.got.plt)
 *(.got)
 *(.shdata)
 *(.data .data.* .gnu.linkonce.d.*)
 .data          0x200000cc        0x4 .\CortexM0\ARM_GCC_493\Debug\Cm0Start.o
 .data          0x200000d0       0x10 .\CortexM0\ARM_GCC_493\Debug\Design01.a(CyLib.o)
                0x200000d0                cydelay32kMs
                0x200000d4                cydelayFreqKhz
                0x200000d8                cydelayFreqMhz
                0x200000dc                cydelayFreqHz
 .data          0x200000e0        0x4 .\CortexM0\ARM_GCC_493\Debug\Design01.a(CyLFClk.o)
 .data.impure_data
                0x200000e4       0x60 c:/program files (x86)/cypress/psoc creator/3.3/psoc creator/import/gnu/arm/4.9.3/bin/../lib/gcc/arm-none-eabi/4.9.3/../../../../arm-none-eabi/lib/armv6-m\libg_nano.a(lib_a-impure.o)
 .data._impure_ptr
                0x20000144        0x4 c:/program files (x86)/cypress/psoc creator/3.3/psoc creator/import/gnu/arm/4.9.3/bin/../lib/gcc/arm-none-eabi/4.9.3/../../../../arm-none-eabi/lib/armv6-m\libg_nano.a(lib_a-impure.o)
                0x20000144                _impure_ptr
                0x20000148                . = ALIGN (0x8)
 *(.ram)
                0x20000148                _edata = .

.igot.plt       0x20000148        0x0 load address 0x00001e88
 .igot.plt      0x00000000        0x0 c:/program files (x86)/cypress/psoc creator/3.3/psoc creator/import/gnu/arm/4.9.3/bin/../lib/gcc/arm-none-eabi/4.9.3/armv6-m/crtbegin.o

.bss            0x20000148       0x78 load address 0x00001e88
                0x20000148                PROVIDE (__bss_start__, .)
 *(.shbss)
 *(.bss .bss.* .gnu.linkonce.b.*)
 .bss           0x20000148       0x1c c:/program files (x86)/cypress/psoc creator/3.3/psoc creator/import/gnu/arm/4.9.3/bin/../lib/gcc/arm-none-eabi/4.9.3/armv6-m/crtbegin.o
 .bss           0x20000164       0x20 .\CortexM0\ARM_GCC_493\Debug\Design01.a(CyLFClk.o)
 .bss           0x20000184        0x8 .\CortexM0\ARM_GCC_493\Debug\Design01.a(I2C_1.o)
                0x20000184                I2C_1_initVar
                0x20000188                I2C_1_customIntrHandler
 .bss           0x2000018c        0x4 .\CortexM0\ARM_GCC_493\Debug\Design01.a(PC_PSoC_UART.o)
                0x2000018c                PC_PSoC_UART_initVar
                0x2000018e                PC_PSoC_UART_IntrTxMask
 .bss.__malloc_sbrk_start
                0x20000190        0x4 c:/program files (x86)/cypress/psoc creator/3.3/psoc creator/import/gnu/arm/4.9.3/bin/../lib/gcc/arm-none-eabi/4.9.3/../../../../arm-none-eabi/lib/armv6-m\libg_nano.a(lib_a-nano-mallocr.o)
                0x20000190                __malloc_sbrk_start
 .bss.__malloc_free_list
                0x20000194        0x4 c:/program files (x86)/cypress/psoc creator/3.3/psoc creator/import/gnu/arm/4.9.3/bin/../lib/gcc/arm-none-eabi/4.9.3/../../../../arm-none-eabi/lib/armv6-m\libg_nano.a(lib_a-nano-mallocr.o)
                0x20000194                __malloc_free_list
 *(COMMON)
 COMMON         0x20000198        0x1 .\CortexM0\ARM_GCC_493\Debug\Design01.a(I2C_1_I2C.o)
                0x20000198                I2C_1_state
 *fill*         0x20000199        0x3 
 COMMON         0x2000019c       0x20 .\CortexM0\ARM_GCC_493\Debug\Design01.a(I2C_1_I2C_MASTER.o)
                0x2000019c                I2C_1_mstrWrBufIndexTmp
                0x200001a0                I2C_1_mstrWrBufIndex
                0x200001a4                I2C_1_mstrControl
                0x200001a6                I2C_1_mstrStatus
                0x200001a8                I2C_1_mstrWrBufSize
                0x200001ac                I2C_1_mstrRdBufIndex
                0x200001b0                I2C_1_mstrWrBufPtr
                0x200001b4                I2C_1_mstrRdBufPtr
                0x200001b8                I2C_1_mstrRdBufSize
 COMMON         0x200001bc        0x4 c:/program files (x86)/cypress/psoc creator/3.3/psoc creator/import/gnu/arm/4.9.3/bin/../lib/gcc/arm-none-eabi/4.9.3/../../../../arm-none-eabi/lib/armv6-m\libg_nano.a(lib_a-reent.o)
                0x200001bc                errno
                0x200001c0                . = ALIGN (0x8)
 *(.ram.b)
                0x200001c0                _end = .
                0x200001c0                __end = .
                0x200001c0                PROVIDE (end, .)
                0x200001c0                PROVIDE (__bss_end__, .)
                0x00001e08                __cy_region_init_ram = LOADADDR (.data)
                0x00000080                __cy_region_init_size_ram = (_edata - ADDR (.data))
                0x00000078                __cy_region_zero_size_ram = (_end - _edata)

.heap           0x200001c0       0x80 load address 0x00001e88
                0x200001c0                . = _end
                0x20000240                . = (. + 0x80)
 *fill*         0x200001c0       0x80 
                0x20000240                __cy_heap_limit = .

.stack          0x20000c00      0x400
                0x20000c00                __cy_stack_limit = .
                0x20001000                . = (. + 0x400)
 *fill*         0x20000c00      0x400 
                0x00000001                ASSERT ((__cy_stack_limit >= __cy_heap_limit), region RAM overflowed with stack)
                0x00000000                cy_checksum_exclude_size = (CY_APPL_LOADABLE == 0x1)?SIZEOF (.cy_checksum_exclude):0x0
                0x00000001                ASSERT ((cy_checksum_exclude_size <= CY_CHECKSUM_EXCLUDE_SIZE), CY_BOOT: Section .cy_checksum_exclude size exceedes specified limit.)
                0x00007fc0                cyloadermeta_start = (cy_project_type_bootloader || cy_project_type_app_for_stack_and_copier)?(0x8000 - CY_METADATA_SIZE):0xf0000000

.cyloadermeta
 *(.cyloadermeta)
                0x00007fc0                cyloadablemeta_start = cy_project_type_app_for_stack_and_copier?((0x8000 - CY_FLASH_ROW_SIZE) - CY_METADATA_SIZE):((0x8000 - (CY_FLASH_ROW_SIZE * (CY_APPL_NUM - 0x1))) - CY_METADATA_SIZE)

.cyloadablemeta
 *(.cyloadablemeta)

.cyflashprotect
                0x90400000       0x20
 *(.cyflashprotect)
 .cyflashprotect
                0x90400000       0x20 .\CortexM0\ARM_GCC_493\Debug\cymetadata.o
                0x90400000                cy_meta_flashprotect

.cymeta         0x90500000        0xc
 *(.cymeta)
 .cymeta        0x90500000        0xc .\CortexM0\ARM_GCC_493\Debug\cymetadata.o
                0x90500000                cy_metadata

.cychipprotect  0x90600000        0x4
 *(.cychipprotect)
 .cychipprotect
                0x90600000        0x4 .\CortexM0\ARM_GCC_493\Debug\cymetadata.o
                0x90600000                cy_meta_chipprotect

.rel.dyn        0x00001e88        0x0 load address 0x90600004
 .rel.iplt      0x00000000        0x0 c:/program files (x86)/cypress/psoc creator/3.3/psoc creator/import/gnu/arm/4.9.3/bin/../lib/gcc/arm-none-eabi/4.9.3/armv6-m/crtbegin.o

.stab
 *(.stab)

.stabstr
 *(.stabstr)

.debug
 *(.debug)

.line
 *(.line)

.debug_srcinfo
 *(.debug_srcinfo)

.debug_sfnames
 *(.debug_sfnames)

.debug_aranges  0x00000000      0x6b8
 *(.debug_aranges)
 .debug_aranges
                0x00000000       0x20 .\CortexM0\ARM_GCC_493\Debug\main.o
 .debug_aranges
                0x00000020       0x50 .\CortexM0\ARM_GCC_493\Debug\functions.o
 .debug_aranges
                0x00000070       0x18 .\CortexM0\ARM_GCC_493\Debug\cymetadata.o
 .debug_aranges
                0x00000088       0x48 .\CortexM0\ARM_GCC_493\Debug\Cm0Start.o
 .debug_aranges
                0x000000d0       0x30 .\CortexM0\ARM_GCC_493\Debug\Design01.a(cyfitter_cfg.o)
 .debug_aranges
                0x00000100      0x178 .\CortexM0\ARM_GCC_493\Debug\Design01.a(CyLib.o)
 .debug_aranges
                0x00000278      0x138 .\CortexM0\ARM_GCC_493\Debug\Design01.a(CyLFClk.o)
 .debug_aranges
                0x000003b0       0x68 .\CortexM0\ARM_GCC_493\Debug\Design01.a(I2C_1.o)
 .debug_aranges
                0x00000418       0x28 .\CortexM0\ARM_GCC_493\Debug\Design01.a(I2C_1_I2C.o)
 .debug_aranges
                0x00000440       0x88 .\CortexM0\ARM_GCC_493\Debug\Design01.a(I2C_1_I2C_MASTER.o)
 .debug_aranges
                0x000004c8       0x48 .\CortexM0\ARM_GCC_493\Debug\Design01.a(I2C_1_sda.o)
 .debug_aranges
                0x00000510       0x48 .\CortexM0\ARM_GCC_493\Debug\Design01.a(I2C_1_scl.o)
 .debug_aranges
                0x00000558       0x60 .\CortexM0\ARM_GCC_493\Debug\Design01.a(PC_PSoC_UART.o)
 .debug_aranges
                0x000005b8       0x60 .\CortexM0\ARM_GCC_493\Debug\Design01.a(PC_PSoC_UART_UART.o)
 .debug_aranges
                0x00000618       0x20 .\CortexM0\ARM_GCC_493\Debug\Design01.a(CyBootAsmGnu.o)
 .debug_aranges
                0x00000638       0x20 .\CortexM0\ARM_GCC_493\Debug\Design01.a(I2C_1_I2C_INT.o)
 .debug_aranges
                0x00000658       0x60 .\CortexM0\ARM_GCC_493\Debug\Design01.a(PC_PSoC_UART_SPI_UART.o)

.debug_pubnames
 *(.debug_pubnames)

.debug_info     0x00000000     0x424b
 *(.debug_info .gnu.linkonce.wi.*)
 .debug_info    0x00000000      0x4cf .\CortexM0\ARM_GCC_493\Debug\main.o
 .debug_info    0x000004cf      0x741 .\CortexM0\ARM_GCC_493\Debug\functions.o
 .debug_info    0x00000c10       0xfe .\CortexM0\ARM_GCC_493\Debug\cymetadata.o
 .debug_info    0x00000d0e      0x38c .\CortexM0\ARM_GCC_493\Debug\Cm0Start.o
 .debug_info    0x0000109a      0x293 .\CortexM0\ARM_GCC_493\Debug\Design01.a(cyfitter_cfg.o)
 .debug_info    0x0000132d      0xad1 .\CortexM0\ARM_GCC_493\Debug\Design01.a(CyLib.o)
 .debug_info    0x00001dfe      0xcfc .\CortexM0\ARM_GCC_493\Debug\Design01.a(CyLFClk.o)
 .debug_info    0x00002afa      0x2a9 .\CortexM0\ARM_GCC_493\Debug\Design01.a(I2C_1.o)
 .debug_info    0x00002da3      0x1ab .\CortexM0\ARM_GCC_493\Debug\Design01.a(I2C_1_I2C.o)
 .debug_info    0x00002f4e      0x685 .\CortexM0\ARM_GCC_493\Debug\Design01.a(I2C_1_I2C_MASTER.o)
 .debug_info    0x000035d3      0x19d .\CortexM0\ARM_GCC_493\Debug\Design01.a(I2C_1_sda.o)
 .debug_info    0x00003770      0x19b .\CortexM0\ARM_GCC_493\Debug\Design01.a(I2C_1_scl.o)
 .debug_info    0x0000390b      0x239 .\CortexM0\ARM_GCC_493\Debug\Design01.a(PC_PSoC_UART.o)
 .debug_info    0x00003b44      0x2c4 .\CortexM0\ARM_GCC_493\Debug\Design01.a(PC_PSoC_UART_UART.o)
 .debug_info    0x00003e08       0x9d .\CortexM0\ARM_GCC_493\Debug\Design01.a(CyBootAsmGnu.o)
 .debug_info    0x00003ea5      0x18d .\CortexM0\ARM_GCC_493\Debug\Design01.a(I2C_1_I2C_INT.o)
 .debug_info    0x00004032      0x219 .\CortexM0\ARM_GCC_493\Debug\Design01.a(PC_PSoC_UART_SPI_UART.o)

.debug_abbrev   0x00000000     0x1549
 *(.debug_abbrev)
 .debug_abbrev  0x00000000      0x1a3 .\CortexM0\ARM_GCC_493\Debug\main.o
 .debug_abbrev  0x000001a3      0x208 .\CortexM0\ARM_GCC_493\Debug\functions.o
 .debug_abbrev  0x000003ab       0x5d .\CortexM0\ARM_GCC_493\Debug\cymetadata.o
 .debug_abbrev  0x00000408      0x1fe .\CortexM0\ARM_GCC_493\Debug\Cm0Start.o
 .debug_abbrev  0x00000606      0x18c .\CortexM0\ARM_GCC_493\Debug\Design01.a(cyfitter_cfg.o)
 .debug_abbrev  0x00000792      0x20d .\CortexM0\ARM_GCC_493\Debug\Design01.a(CyLib.o)
 .debug_abbrev  0x0000099f      0x23b .\CortexM0\ARM_GCC_493\Debug\Design01.a(CyLFClk.o)
 .debug_abbrev  0x00000bda      0x15b .\CortexM0\ARM_GCC_493\Debug\Design01.a(I2C_1.o)
 .debug_abbrev  0x00000d35       0xf3 .\CortexM0\ARM_GCC_493\Debug\Design01.a(I2C_1_I2C.o)
 .debug_abbrev  0x00000e28      0x17c .\CortexM0\ARM_GCC_493\Debug\Design01.a(I2C_1_I2C_MASTER.o)
 .debug_abbrev  0x00000fa4       0xc8 .\CortexM0\ARM_GCC_493\Debug\Design01.a(I2C_1_sda.o)
 .debug_abbrev  0x0000106c       0xc8 .\CortexM0\ARM_GCC_493\Debug\Design01.a(I2C_1_scl.o)
 .debug_abbrev  0x00001134       0xed .\CortexM0\ARM_GCC_493\Debug\Design01.a(PC_PSoC_UART.o)
 .debug_abbrev  0x00001221      0x13d .\CortexM0\ARM_GCC_493\Debug\Design01.a(PC_PSoC_UART_UART.o)
 .debug_abbrev  0x0000135e       0x14 .\CortexM0\ARM_GCC_493\Debug\Design01.a(CyBootAsmGnu.o)
 .debug_abbrev  0x00001372       0x88 .\CortexM0\ARM_GCC_493\Debug\Design01.a(I2C_1_I2C_INT.o)
 .debug_abbrev  0x000013fa      0x14f .\CortexM0\ARM_GCC_493\Debug\Design01.a(PC_PSoC_UART_SPI_UART.o)

.debug_line     0x00000000     0x1e2f
 *(.debug_line)
 .debug_line    0x00000000      0x264 .\CortexM0\ARM_GCC_493\Debug\main.o
 .debug_line    0x00000264      0x2cd .\CortexM0\ARM_GCC_493\Debug\functions.o
 .debug_line    0x00000531       0x53 .\CortexM0\ARM_GCC_493\Debug\cymetadata.o
 .debug_line    0x00000584      0x248 .\CortexM0\ARM_GCC_493\Debug\Cm0Start.o
 .debug_line    0x000007cc      0x137 .\CortexM0\ARM_GCC_493\Debug\Design01.a(cyfitter_cfg.o)
 .debug_line    0x00000903      0x44b .\CortexM0\ARM_GCC_493\Debug\Design01.a(CyLib.o)
 .debug_line    0x00000d4e      0x469 .\CortexM0\ARM_GCC_493\Debug\Design01.a(CyLFClk.o)
 .debug_line    0x000011b7      0x160 .\CortexM0\ARM_GCC_493\Debug\Design01.a(I2C_1.o)
 .debug_line    0x00001317       0xc1 .\CortexM0\ARM_GCC_493\Debug\Design01.a(I2C_1_I2C.o)
 .debug_line    0x000013d8      0x2d9 .\CortexM0\ARM_GCC_493\Debug\Design01.a(I2C_1_I2C_MASTER.o)
 .debug_line    0x000016b1       0xc3 .\CortexM0\ARM_GCC_493\Debug\Design01.a(I2C_1_sda.o)
 .debug_line    0x00001774       0xc2 .\CortexM0\ARM_GCC_493\Debug\Design01.a(I2C_1_scl.o)
 .debug_line    0x00001836      0x150 .\CortexM0\ARM_GCC_493\Debug\Design01.a(PC_PSoC_UART.o)
 .debug_line    0x00001986      0x17d .\CortexM0\ARM_GCC_493\Debug\Design01.a(PC_PSoC_UART_UART.o)
 .debug_line    0x00001b03       0x6b .\CortexM0\ARM_GCC_493\Debug\Design01.a(CyBootAsmGnu.o)
 .debug_line    0x00001b6e      0x186 .\CortexM0\ARM_GCC_493\Debug\Design01.a(I2C_1_I2C_INT.o)
 .debug_line    0x00001cf4      0x13b .\CortexM0\ARM_GCC_493\Debug\Design01.a(PC_PSoC_UART_SPI_UART.o)

.debug_frame    0x00000000     0x138c
 *(.debug_frame)
 .debug_frame   0x00000000       0x2c .\CortexM0\ARM_GCC_493\Debug\main.o
 .debug_frame   0x0000002c       0xe8 .\CortexM0\ARM_GCC_493\Debug\functions.o
 .debug_frame   0x00000114       0xb0 .\CortexM0\ARM_GCC_493\Debug\Cm0Start.o
 .debug_frame   0x000001c4       0x68 .\CortexM0\ARM_GCC_493\Debug\Design01.a(cyfitter_cfg.o)
 .debug_frame   0x0000022c      0x3d0 .\CortexM0\ARM_GCC_493\Debug\Design01.a(CyLib.o)
 .debug_frame   0x000005fc      0x3a8 .\CortexM0\ARM_GCC_493\Debug\Design01.a(CyLFClk.o)
 .debug_frame   0x000009a4       0xf8 .\CortexM0\ARM_GCC_493\Debug\Design01.a(I2C_1.o)
 .debug_frame   0x00000a9c       0x3c .\CortexM0\ARM_GCC_493\Debug\Design01.a(I2C_1_I2C.o)
 .debug_frame   0x00000ad8      0x178 .\CortexM0\ARM_GCC_493\Debug\Design01.a(I2C_1_I2C_MASTER.o)
 .debug_frame   0x00000c50       0x70 .\CortexM0\ARM_GCC_493\Debug\Design01.a(I2C_1_sda.o)
 .debug_frame   0x00000cc0       0x70 .\CortexM0\ARM_GCC_493\Debug\Design01.a(I2C_1_scl.o)
 .debug_frame   0x00000d30       0xe8 .\CortexM0\ARM_GCC_493\Debug\Design01.a(PC_PSoC_UART.o)
 .debug_frame   0x00000e18       0xe0 .\CortexM0\ARM_GCC_493\Debug\Design01.a(PC_PSoC_UART_UART.o)
 .debug_frame   0x00000ef8       0x2c .\CortexM0\ARM_GCC_493\Debug\Design01.a(I2C_1_I2C_INT.o)
 .debug_frame   0x00000f24       0xb0 .\CortexM0\ARM_GCC_493\Debug\Design01.a(PC_PSoC_UART_SPI_UART.o)
 .debug_frame   0x00000fd4       0x20 c:/program files (x86)/cypress/psoc creator/3.3/psoc creator/import/gnu/arm/4.9.3/bin/../lib/gcc/arm-none-eabi/4.9.3/armv6-m\libgcc.a(_udivsi3.o)
 .debug_frame   0x00000ff4       0x20 c:/program files (x86)/cypress/psoc creator/3.3/psoc creator/import/gnu/arm/4.9.3/bin/../lib/gcc/arm-none-eabi/4.9.3/armv6-m\libgcc.a(_divsi3.o)
 .debug_frame   0x00001014       0x20 c:/program files (x86)/cypress/psoc creator/3.3/psoc creator/import/gnu/arm/4.9.3/bin/../lib/gcc/arm-none-eabi/4.9.3/../../../../arm-none-eabi/lib/armv6-m\libg_nano.a(lib_a-errno.o)
 .debug_frame   0x00001034       0x28 c:/program files (x86)/cypress/psoc creator/3.3/psoc creator/import/gnu/arm/4.9.3/bin/../lib/gcc/arm-none-eabi/4.9.3/../../../../arm-none-eabi/lib/armv6-m\libg_nano.a(lib_a-exit.o)
 .debug_frame   0x0000105c       0x2c c:/program files (x86)/cypress/psoc creator/3.3/psoc creator/import/gnu/arm/4.9.3/bin/../lib/gcc/arm-none-eabi/4.9.3/../../../../arm-none-eabi/lib/armv6-m\libg_nano.a(lib_a-init.o)
 .debug_frame   0x00001088       0x40 c:/program files (x86)/cypress/psoc creator/3.3/psoc creator/import/gnu/arm/4.9.3/bin/../lib/gcc/arm-none-eabi/4.9.3/../../../../arm-none-eabi/lib/armv6-m\libg_nano.a(lib_a-malloc.o)
 .debug_frame   0x000010c8       0x20 c:/program files (x86)/cypress/psoc creator/3.3/psoc creator/import/gnu/arm/4.9.3/bin/../lib/gcc/arm-none-eabi/4.9.3/../../../../arm-none-eabi/lib/armv6-m\libg_nano.a(lib_a-memset.o)
 .debug_frame   0x000010e8       0x2c c:/program files (x86)/cypress/psoc creator/3.3/psoc creator/import/gnu/arm/4.9.3/bin/../lib/gcc/arm-none-eabi/4.9.3/../../../../arm-none-eabi/lib/armv6-m\libg_nano.a(lib_a-nano-freer.o)
 .debug_frame   0x00001114       0x2c c:/program files (x86)/cypress/psoc creator/3.3/psoc creator/import/gnu/arm/4.9.3/bin/../lib/gcc/arm-none-eabi/4.9.3/../../../../arm-none-eabi/lib/armv6-m\libg_nano.a(lib_a-nano-mallocr.o)
 .debug_frame   0x00001140       0x2c c:/program files (x86)/cypress/psoc creator/3.3/psoc creator/import/gnu/arm/4.9.3/bin/../lib/gcc/arm-none-eabi/4.9.3/../../../../arm-none-eabi/lib/armv6-m\libg_nano.a(lib_a-sbrkr.o)
 .debug_frame   0x0000116c       0x50 c:/program files (x86)/cypress/psoc creator/3.3/psoc creator/import/gnu/arm/4.9.3/bin/../lib/gcc/arm-none-eabi/4.9.3/../../../../arm-none-eabi/lib/armv6-m\libg_nano.a(lib_a-sprintf.o)
 .debug_frame   0x000011bc       0x74 c:/program files (x86)/cypress/psoc creator/3.3/psoc creator/import/gnu/arm/4.9.3/bin/../lib/gcc/arm-none-eabi/4.9.3/../../../../arm-none-eabi/lib/armv6-m\libg_nano.a(lib_a-nano-svfprintf.o)
 .debug_frame   0x00001230       0x54 c:/program files (x86)/cypress/psoc creator/3.3/psoc creator/import/gnu/arm/4.9.3/bin/../lib/gcc/arm-none-eabi/4.9.3/../../../../arm-none-eabi/lib/armv6-m\libg_nano.a(lib_a-nano-vfprintf_i.o)
 .debug_frame   0x00001284       0x48 c:/program files (x86)/cypress/psoc creator/3.3/psoc creator/import/gnu/arm/4.9.3/bin/../lib/gcc/arm-none-eabi/4.9.3/../../../../arm-none-eabi/lib/armv6-m\libg_nano.a(lib_a-reent.o)
 .debug_frame   0x000012cc       0x20 c:/program files (x86)/cypress/psoc creator/3.3/psoc creator/import/gnu/arm/4.9.3/bin/../lib/gcc/arm-none-eabi/4.9.3/../../../../arm-none-eabi/lib/armv6-m\libg_nano.a(lib_a-memchr.o)
 .debug_frame   0x000012ec       0x28 c:/program files (x86)/cypress/psoc creator/3.3/psoc creator/import/gnu/arm/4.9.3/bin/../lib/gcc/arm-none-eabi/4.9.3/../../../../arm-none-eabi/lib/armv6-m\libg_nano.a(lib_a-memcpy.o)
 .debug_frame   0x00001314       0x28 c:/program files (x86)/cypress/psoc creator/3.3/psoc creator/import/gnu/arm/4.9.3/bin/../lib/gcc/arm-none-eabi/4.9.3/../../../../arm-none-eabi/lib/armv6-m\libg_nano.a(lib_a-memmove.o)
 .debug_frame   0x0000133c       0x30 c:/program files (x86)/cypress/psoc creator/3.3/psoc creator/import/gnu/arm/4.9.3/bin/../lib/gcc/arm-none-eabi/4.9.3/../../../../arm-none-eabi/lib/armv6-m\libg_nano.a(lib_a-nano-reallocr.o)
 .debug_frame   0x0000136c       0x20 c:/program files (x86)/cypress/psoc creator/3.3/psoc creator/import/gnu/arm/4.9.3/bin/../lib/gcc/arm-none-eabi/4.9.3/../../../../arm-none-eabi/lib/armv6-m\libg_nano.a(lib_a-nano-msizer.o)

.debug_str      0x00000000     0x194c
 *(.debug_str)
 .debug_str     0x00000000      0x2c5 .\CortexM0\ARM_GCC_493\Debug\main.o
                                0x330 (size before relaxing)
 .debug_str     0x000002c5      0x16b .\CortexM0\ARM_GCC_493\Debug\functions.o
                                0x41a (size before relaxing)
 .debug_str     0x00000430       0x5b .\CortexM0\ARM_GCC_493\Debug\cymetadata.o
                                0x1db (size before relaxing)
 .debug_str     0x0000048b      0x14a .\CortexM0\ARM_GCC_493\Debug\Cm0Start.o
                                0x302 (size before relaxing)
 .debug_str     0x000005d5       0x96 .\CortexM0\ARM_GCC_493\Debug\Design01.a(cyfitter_cfg.o)
                                0x258 (size before relaxing)
 .debug_str     0x0000066b      0x4a3 .\CortexM0\ARM_GCC_493\Debug\Design01.a(CyLib.o)
                                0x696 (size before relaxing)
 .debug_str     0x00000b0e      0x539 .\CortexM0\ARM_GCC_493\Debug\Design01.a(CyLFClk.o)
                                0x73e (size before relaxing)
 .debug_str     0x00001047      0x134 .\CortexM0\ARM_GCC_493\Debug\Design01.a(I2C_1.o)
                                0x2f8 (size before relaxing)
 .debug_str     0x0000117b       0x6c .\CortexM0\ARM_GCC_493\Debug\Design01.a(I2C_1_I2C.o)
                                0x256 (size before relaxing)
 .debug_str     0x000011e7      0x224 .\CortexM0\ARM_GCC_493\Debug\Design01.a(I2C_1_I2C_MASTER.o)
                                0x48e (size before relaxing)
 .debug_str     0x0000140b       0xa3 .\CortexM0\ARM_GCC_493\Debug\Design01.a(I2C_1_sda.o)
                                0x25f (size before relaxing)
 .debug_str     0x000014ae       0x6f .\CortexM0\ARM_GCC_493\Debug\Design01.a(I2C_1_scl.o)
                                0x25f (size before relaxing)
 .debug_str     0x0000151d      0x169 .\CortexM0\ARM_GCC_493\Debug\Design01.a(PC_PSoC_UART.o)
                                0x32c (size before relaxing)
 .debug_str     0x00001686      0x15c .\CortexM0\ARM_GCC_493\Debug\Design01.a(PC_PSoC_UART_UART.o)
                                0x373 (size before relaxing)
 .debug_str     0x000017e2       0x4d .\CortexM0\ARM_GCC_493\Debug\Design01.a(I2C_1_I2C_INT.o)
                                0x2c5 (size before relaxing)
 .debug_str     0x0000182f      0x11d .\CortexM0\ARM_GCC_493\Debug\Design01.a(PC_PSoC_UART_SPI_UART.o)
                                0x31f (size before relaxing)

.debug_loc      0x00000000     0x2292
 *(.debug_loc)
 .debug_loc     0x00000000       0xbb .\CortexM0\ARM_GCC_493\Debug\main.o
 .debug_loc     0x000000bb      0x29f .\CortexM0\ARM_GCC_493\Debug\functions.o
 .debug_loc     0x0000035a      0x14f .\CortexM0\ARM_GCC_493\Debug\Cm0Start.o
 .debug_loc     0x000004a9       0xa9 .\CortexM0\ARM_GCC_493\Debug\Design01.a(cyfitter_cfg.o)
 .debug_loc     0x00000552      0x5b5 .\CortexM0\ARM_GCC_493\Debug\Design01.a(CyLib.o)
 .debug_loc     0x00000b07      0x9d5 .\CortexM0\ARM_GCC_493\Debug\Design01.a(CyLFClk.o)
 .debug_loc     0x000014dc       0x7e .\CortexM0\ARM_GCC_493\Debug\Design01.a(I2C_1.o)
 .debug_loc     0x0000155a      0x882 .\CortexM0\ARM_GCC_493\Debug\Design01.a(I2C_1_I2C_MASTER.o)
 .debug_loc     0x00001ddc       0xa2 .\CortexM0\ARM_GCC_493\Debug\Design01.a(I2C_1_sda.o)
 .debug_loc     0x00001e7e       0x81 .\CortexM0\ARM_GCC_493\Debug\Design01.a(I2C_1_scl.o)
 .debug_loc     0x00001eff       0x7e .\CortexM0\ARM_GCC_493\Debug\Design01.a(PC_PSoC_UART.o)
 .debug_loc     0x00001f7d      0x173 .\CortexM0\ARM_GCC_493\Debug\Design01.a(PC_PSoC_UART_UART.o)
 .debug_loc     0x000020f0      0x10c .\CortexM0\ARM_GCC_493\Debug\Design01.a(I2C_1_I2C_INT.o)
 .debug_loc     0x000021fc       0x96 .\CortexM0\ARM_GCC_493\Debug\Design01.a(PC_PSoC_UART_SPI_UART.o)

.debug_macinfo
 *(.debug_macinfo)

.debug_ranges   0x00000000      0x590
 *(.debug_ranges)
 .debug_ranges  0x00000000       0x10 .\CortexM0\ARM_GCC_493\Debug\main.o
 .debug_ranges  0x00000010       0x40 .\CortexM0\ARM_GCC_493\Debug\functions.o
 .debug_ranges  0x00000050       0x38 .\CortexM0\ARM_GCC_493\Debug\Cm0Start.o
 .debug_ranges  0x00000088       0x20 .\CortexM0\ARM_GCC_493\Debug\Design01.a(cyfitter_cfg.o)
 .debug_ranges  0x000000a8      0x168 .\CortexM0\ARM_GCC_493\Debug\Design01.a(CyLib.o)
 .debug_ranges  0x00000210      0x128 .\CortexM0\ARM_GCC_493\Debug\Design01.a(CyLFClk.o)
 .debug_ranges  0x00000338       0x58 .\CortexM0\ARM_GCC_493\Debug\Design01.a(I2C_1.o)
 .debug_ranges  0x00000390       0x18 .\CortexM0\ARM_GCC_493\Debug\Design01.a(I2C_1_I2C.o)
 .debug_ranges  0x000003a8       0x78 .\CortexM0\ARM_GCC_493\Debug\Design01.a(I2C_1_I2C_MASTER.o)
 .debug_ranges  0x00000420       0x38 .\CortexM0\ARM_GCC_493\Debug\Design01.a(I2C_1_sda.o)
 .debug_ranges  0x00000458       0x38 .\CortexM0\ARM_GCC_493\Debug\Design01.a(I2C_1_scl.o)
 .debug_ranges  0x00000490       0x50 .\CortexM0\ARM_GCC_493\Debug\Design01.a(PC_PSoC_UART.o)
 .debug_ranges  0x000004e0       0x50 .\CortexM0\ARM_GCC_493\Debug\Design01.a(PC_PSoC_UART_UART.o)
 .debug_ranges  0x00000530       0x10 .\CortexM0\ARM_GCC_493\Debug\Design01.a(I2C_1_I2C_INT.o)
 .debug_ranges  0x00000540       0x50 .\CortexM0\ARM_GCC_493\Debug\Design01.a(PC_PSoC_UART_SPI_UART.o)

.comment        0x00000000       0x70
 .comment       0x00000000       0x70 .\CortexM0\ARM_GCC_493\Debug\main.o
                                 0x71 (size before relaxing)
 .comment       0x00000000       0x71 .\CortexM0\ARM_GCC_493\Debug\functions.o
 .comment       0x00000000       0x71 .\CortexM0\ARM_GCC_493\Debug\cymetadata.o
 .comment       0x00000000       0x71 .\CortexM0\ARM_GCC_493\Debug\Cm0Start.o
 .comment       0x00000000       0x71 .\CortexM0\ARM_GCC_493\Debug\Design01.a(cyfitter_cfg.o)
 .comment       0x00000000       0x71 .\CortexM0\ARM_GCC_493\Debug\Design01.a(CyLib.o)
 .comment       0x00000000       0x71 .\CortexM0\ARM_GCC_493\Debug\Design01.a(CyLFClk.o)
 .comment       0x00000000       0x71 .\CortexM0\ARM_GCC_493\Debug\Design01.a(I2C_1.o)
 .comment       0x00000000       0x71 .\CortexM0\ARM_GCC_493\Debug\Design01.a(I2C_1_I2C.o)
 .comment       0x00000000       0x71 .\CortexM0\ARM_GCC_493\Debug\Design01.a(I2C_1_I2C_MASTER.o)
 .comment       0x00000000       0x71 .\CortexM0\ARM_GCC_493\Debug\Design01.a(I2C_1_sda.o)
 .comment       0x00000000       0x71 .\CortexM0\ARM_GCC_493\Debug\Design01.a(I2C_1_scl.o)
 .comment       0x00000000       0x71 .\CortexM0\ARM_GCC_493\Debug\Design01.a(PC_PSoC_UART.o)
 .comment       0x00000000       0x71 .\CortexM0\ARM_GCC_493\Debug\Design01.a(PC_PSoC_UART_UART.o)
 .comment       0x00000000       0x71 .\CortexM0\ARM_GCC_493\Debug\Design01.a(I2C_1_I2C_INT.o)
 .comment       0x00000000       0x71 .\CortexM0\ARM_GCC_493\Debug\Design01.a(PC_PSoC_UART_SPI_UART.o)

.debug_weaknames
 *(.debug_weaknames)

.debug_funcnames
 *(.debug_funcnames)

.debug_typenames
 *(.debug_typenames)

.debug_varnames
 *(.debug_varnames)

.note.gnu.arm.ident
 *(.note.gnu.arm.ident)

.ARM.attributes
                0x00000000       0x28
 *(.ARM.attributes)
 .ARM.attributes
                0x00000000       0x1e c:/program files (x86)/cypress/psoc creator/3.3/psoc creator/import/gnu/arm/4.9.3/bin/../lib/gcc/arm-none-eabi/4.9.3/armv6-m/crti.o
 .ARM.attributes
                0x0000001e       0x2c c:/program files (x86)/cypress/psoc creator/3.3/psoc creator/import/gnu/arm/4.9.3/bin/../lib/gcc/arm-none-eabi/4.9.3/armv6-m/crtbegin.o
 .ARM.attributes
                0x0000004a       0x1b c:/program files (x86)/cypress/psoc creator/3.3/psoc creator/import/gnu/arm/4.9.3/bin/../lib/gcc/arm-none-eabi/4.9.3/../../../../arm-none-eabi/lib/armv6-m/crt0.o
 .ARM.attributes
                0x00000065       0x31 .\CortexM0\ARM_GCC_493\Debug\main.o
 .ARM.attributes
                0x00000096       0x31 .\CortexM0\ARM_GCC_493\Debug\functions.o
 .ARM.attributes
                0x000000c7       0x31 .\CortexM0\ARM_GCC_493\Debug\cymetadata.o
 .ARM.attributes
                0x000000f8       0x31 .\CortexM0\ARM_GCC_493\Debug\Cm0Start.o
 .ARM.attributes
                0x00000129       0x31 .\CortexM0\ARM_GCC_493\Debug\Design01.a(cyfitter_cfg.o)
 .ARM.attributes
                0x0000015a       0x31 .\CortexM0\ARM_GCC_493\Debug\Design01.a(CyLib.o)
 .ARM.attributes
                0x0000018b       0x31 .\CortexM0\ARM_GCC_493\Debug\Design01.a(CyLFClk.o)
 .ARM.attributes
                0x000001bc       0x31 .\CortexM0\ARM_GCC_493\Debug\Design01.a(I2C_1.o)
 .ARM.attributes
                0x000001ed       0x31 .\CortexM0\ARM_GCC_493\Debug\Design01.a(I2C_1_I2C.o)
 .ARM.attributes
                0x0000021e       0x31 .\CortexM0\ARM_GCC_493\Debug\Design01.a(I2C_1_I2C_MASTER.o)
 .ARM.attributes
                0x0000024f       0x31 .\CortexM0\ARM_GCC_493\Debug\Design01.a(I2C_1_sda.o)
 .ARM.attributes
                0x00000280       0x31 .\CortexM0\ARM_GCC_493\Debug\Design01.a(I2C_1_scl.o)
 .ARM.attributes
                0x000002b1       0x31 .\CortexM0\ARM_GCC_493\Debug\Design01.a(PC_PSoC_UART.o)
 .ARM.attributes
                0x000002e2       0x31 .\CortexM0\ARM_GCC_493\Debug\Design01.a(PC_PSoC_UART_UART.o)
 .ARM.attributes
                0x00000313       0x21 .\CortexM0\ARM_GCC_493\Debug\Design01.a(CyBootAsmGnu.o)
 .ARM.attributes
                0x00000334       0x31 .\CortexM0\ARM_GCC_493\Debug\Design01.a(I2C_1_I2C_INT.o)
 .ARM.attributes
                0x00000365       0x31 .\CortexM0\ARM_GCC_493\Debug\Design01.a(PC_PSoC_UART_SPI_UART.o)
 .ARM.attributes
                0x00000396       0x1e c:/program files (x86)/cypress/psoc creator/3.3/psoc creator/import/gnu/arm/4.9.3/bin/../lib/gcc/arm-none-eabi/4.9.3/armv6-m\libgcc.a(_udivsi3.o)
 .ARM.attributes
                0x000003b4       0x1e c:/program files (x86)/cypress/psoc creator/3.3/psoc creator/import/gnu/arm/4.9.3/bin/../lib/gcc/arm-none-eabi/4.9.3/armv6-m\libgcc.a(_divsi3.o)
 .ARM.attributes
                0x000003d2       0x1e c:/program files (x86)/cypress/psoc creator/3.3/psoc creator/import/gnu/arm/4.9.3/bin/../lib/gcc/arm-none-eabi/4.9.3/armv6-m\libgcc.a(_dvmd_tls.o)
 .ARM.attributes
                0x000003f0       0x2c c:/program files (x86)/cypress/psoc creator/3.3/psoc creator/import/gnu/arm/4.9.3/bin/../lib/gcc/arm-none-eabi/4.9.3/../../../../arm-none-eabi/lib/armv6-m\libg_nano.a(lib_a-errno.o)
 .ARM.attributes
                0x0000041c       0x2c c:/program files (x86)/cypress/psoc creator/3.3/psoc creator/import/gnu/arm/4.9.3/bin/../lib/gcc/arm-none-eabi/4.9.3/../../../../arm-none-eabi/lib/armv6-m\libg_nano.a(lib_a-exit.o)
 .ARM.attributes
                0x00000448       0x2c c:/program files (x86)/cypress/psoc creator/3.3/psoc creator/import/gnu/arm/4.9.3/bin/../lib/gcc/arm-none-eabi/4.9.3/../../../../arm-none-eabi/lib/armv6-m\libg_nano.a(lib_a-impure.o)
 .ARM.attributes
                0x00000474       0x2c c:/program files (x86)/cypress/psoc creator/3.3/psoc creator/import/gnu/arm/4.9.3/bin/../lib/gcc/arm-none-eabi/4.9.3/../../../../arm-none-eabi/lib/armv6-m\libg_nano.a(lib_a-init.o)
 .ARM.attributes
                0x000004a0       0x2c c:/program files (x86)/cypress/psoc creator/3.3/psoc creator/import/gnu/arm/4.9.3/bin/../lib/gcc/arm-none-eabi/4.9.3/../../../../arm-none-eabi/lib/armv6-m\libg_nano.a(lib_a-malloc.o)
 .ARM.attributes
                0x000004cc       0x2c c:/program files (x86)/cypress/psoc creator/3.3/psoc creator/import/gnu/arm/4.9.3/bin/../lib/gcc/arm-none-eabi/4.9.3/../../../../arm-none-eabi/lib/armv6-m\libg_nano.a(lib_a-memset.o)
 .ARM.attributes
                0x000004f8       0x2c c:/program files (x86)/cypress/psoc creator/3.3/psoc creator/import/gnu/arm/4.9.3/bin/../lib/gcc/arm-none-eabi/4.9.3/../../../../arm-none-eabi/lib/armv6-m\libg_nano.a(lib_a-nano-freer.o)
 .ARM.attributes
                0x00000524       0x2c c:/program files (x86)/cypress/psoc creator/3.3/psoc creator/import/gnu/arm/4.9.3/bin/../lib/gcc/arm-none-eabi/4.9.3/../../../../arm-none-eabi/lib/armv6-m\libg_nano.a(lib_a-nano-mallocr.o)
 .ARM.attributes
                0x00000550       0x2c c:/program files (x86)/cypress/psoc creator/3.3/psoc creator/import/gnu/arm/4.9.3/bin/../lib/gcc/arm-none-eabi/4.9.3/../../../../arm-none-eabi/lib/armv6-m\libg_nano.a(lib_a-sbrkr.o)
 .ARM.attributes
                0x0000057c       0x2c c:/program files (x86)/cypress/psoc creator/3.3/psoc creator/import/gnu/arm/4.9.3/bin/../lib/gcc/arm-none-eabi/4.9.3/../../../../arm-none-eabi/lib/armv6-m\libg_nano.a(lib_a-sprintf.o)
 .ARM.attributes
                0x000005a8       0x2c c:/program files (x86)/cypress/psoc creator/3.3/psoc creator/import/gnu/arm/4.9.3/bin/../lib/gcc/arm-none-eabi/4.9.3/../../../../arm-none-eabi/lib/armv6-m\libg_nano.a(lib_a-nano-svfprintf.o)
 .ARM.attributes
                0x000005d4       0x2c c:/program files (x86)/cypress/psoc creator/3.3/psoc creator/import/gnu/arm/4.9.3/bin/../lib/gcc/arm-none-eabi/4.9.3/../../../../arm-none-eabi/lib/armv6-m\libg_nano.a(lib_a-nano-vfprintf_i.o)
 .ARM.attributes
                0x00000600       0x2c c:/program files (x86)/cypress/psoc creator/3.3/psoc creator/import/gnu/arm/4.9.3/bin/../lib/gcc/arm-none-eabi/4.9.3/../../../../arm-none-eabi/lib/armv6-m\libg_nano.a(lib_a-reent.o)
 .ARM.attributes
                0x0000062c       0x2c c:/program files (x86)/cypress/psoc creator/3.3/psoc creator/import/gnu/arm/4.9.3/bin/../lib/gcc/arm-none-eabi/4.9.3/../../../../arm-none-eabi/lib/armv6-m\libg_nano.a(lib_a-memchr.o)
 .ARM.attributes
                0x00000658       0x2c c:/program files (x86)/cypress/psoc creator/3.3/psoc creator/import/gnu/arm/4.9.3/bin/../lib/gcc/arm-none-eabi/4.9.3/../../../../arm-none-eabi/lib/armv6-m\libg_nano.a(lib_a-memcpy.o)
 .ARM.attributes
                0x00000684       0x2c c:/program files (x86)/cypress/psoc creator/3.3/psoc creator/import/gnu/arm/4.9.3/bin/../lib/gcc/arm-none-eabi/4.9.3/../../../../arm-none-eabi/lib/armv6-m\libg_nano.a(lib_a-memmove.o)
 .ARM.attributes
                0x000006b0       0x2c c:/program files (x86)/cypress/psoc creator/3.3/psoc creator/import/gnu/arm/4.9.3/bin/../lib/gcc/arm-none-eabi/4.9.3/../../../../arm-none-eabi/lib/armv6-m\libg_nano.a(lib_a-nano-reallocr.o)
 .ARM.attributes
                0x000006dc       0x2c c:/program files (x86)/cypress/psoc creator/3.3/psoc creator/import/gnu/arm/4.9.3/bin/../lib/gcc/arm-none-eabi/4.9.3/../../../../arm-none-eabi/lib/armv6-m\libg_nano.a(lib_a-nano-msizer.o)
 .ARM.attributes
                0x00000708       0x2c c:/program files (x86)/cypress/psoc creator/3.3/psoc creator/import/gnu/arm/4.9.3/bin/../lib/gcc/arm-none-eabi/4.9.3/armv6-m/crtend.o
 .ARM.attributes
                0x00000734       0x1e c:/program files (x86)/cypress/psoc creator/3.3/psoc creator/import/gnu/arm/4.9.3/bin/../lib/gcc/arm-none-eabi/4.9.3/armv6-m/crtn.o

/DISCARD/
 *(.note.GNU-stack)
OUTPUT(.\CortexM0\ARM_GCC_493\Debug\Design01.elf elf32-littlearm)
